
     Program PHONON v.7.5 starts on  1Aug2026 at  3: 0:39 

     This program is part of the open-source Quantum ESPRESSO suite
     for quantum simulation of materials; please cite
         "P. Giannozzi et al., J. Phys.:Condens. Matter 21 395502 (2009);
         "P. Giannozzi et al., J. Phys.:Condens. Matter 29 465901 (2017);
         "P. Giannozzi et al., J. Chem. Phys. 152 154105 (2020);
          URL http://www.quantum-espresso.org", 
     in publications or presentations arising from this work. More details at
     http://www.quantum-espresso.org/quote

     Parallel version (MPI & OpenMP), running on       4 processor cores
     Number of MPI processes:                 1
     Threads/MPI process:                     4

     MPI processes distributed on     1 nodes
     13054 MiB available memory on the printing compute node when the environment starts

     Reading input from input.in

     Reading xml data from directory:

     /tmp/brahm_qe_jobs/c90751dd-928f-4ca2-a090-71857622670f/out/_ph0/ZnSe_phonon.save/
     Message from routine qexsd_readschema :
     input info not found or not readable in xml file

     Subspace diagonalization in iterative solution of the eigenvalue problem:
     a serial algorithm will be used

     file Zn.pbe-dn-kjpaw_psl.1.0.0.UPF: wavefunction(s)  4S 3D renormalized
     file Se.pbe-dn-kjpaw_psl.1.0.0.UPF: wavefunction(s)  4S 4P 3D renormalized

     IMPORTANT: XC functional enforced from input :
     Exchange-correlation= PBE
                           (   1   4   3   4   0   0   0)
     Any further DFT definition will be discarded
     Please, verify this is what you really want


     G-vector sticks info
     --------------------
     sticks:   dense  smooth     PW     G-vecs:    dense   smooth      PW
     Sum        1573     793    253                41391    14649    2741

     Using Slab Decomposition


     Check: negative core charge=   -0.000002
     read_file_ph: Wavefunctions in collected format not needed
        5 /   8 q-points for this run, from  4 to  8:
       N       xq(1)         xq(2)         xq(3) 
       1   0.000000000   0.000000000   0.000000000
       2   0.176776695   0.176776695  -0.176776695
       3  -0.353553391  -0.353553391   0.353553391
       4   0.353553391   0.000000000   0.000000000
       5  -0.176776695  -0.530330086   0.530330086
       6   0.000000000  -0.353553391   0.353553391
       7  -0.707106781   0.000000000   0.000000000
       8  -0.707106781   0.353553391   0.000000000


     Calculation of q =    0.3535534   0.0000000   0.0000000

     Bands found: reading from /tmp/brahm_qe_jobs/c90751dd-928f-4ca2-a090-71857622670f/out/_ph0/

     Reading xml data from directory:

     /tmp/brahm_qe_jobs/c90751dd-928f-4ca2-a090-71857622670f/out/_ph0/ZnSe_phonon.save/
     Message from routine qexsd_readschema :
     input info not found or not readable in xml file
     file Zn.pbe-dn-kjpaw_psl.1.0.0.UPF: wavefunction(s)  4S 3D renormalized
     file Se.pbe-dn-kjpaw_psl.1.0.0.UPF: wavefunction(s)  4S 4P 3D renormalized

     IMPORTANT: XC functional enforced from input :
     Exchange-correlation= PBE
                           (   1   4   3   4   0   0   0)
     Any further DFT definition will be discarded
     Please, verify this is what you really want


     G-vector sticks info
     --------------------
     sticks:   dense  smooth     PW     G-vecs:    dense   smooth      PW
     Sum        1573     793    253                41391    14649    2741

     Using Slab Decomposition


     Check: negative core charge=   -0.000002
     read_file_new: Wavefunctions not in collected format?!?
     read_file: Wavefunctions in collected format not available

     Phonon calculation                                                         

     bravais-lattice index     =            0
     lattice parameter (alat)  =       7.5750  a.u.
     unit-cell volume          =     307.3458 (a.u.)^3
     number of atoms/cell      =            2
     number of atomic types    =            2
     kinetic-energy cut-off    =      50.0000  Ry
     charge density cut-off    =     400.0000  Ry
     convergence threshold     =      1.0E-14
     beta                      =       0.7000
     number of iterations used =            4
     Exchange-correlation= PBE
                           (   1   4   3   4   0   0   0)


     celldm(1)=    7.57497  celldm(2)=    0.00000  celldm(3)=    0.00000
     celldm(4)=    0.00000  celldm(5)=    0.00000  celldm(6)=    0.00000

     crystal axes: (cart. coord. in units of alat)
               a(1) = (  0.0000  0.7071  0.7071 )  
               a(2) = (  0.7071  0.0000  0.7071 )  
               a(3) = (  0.7071  0.7071  0.0000 )  

     reciprocal axes: (cart. coord. in units 2 pi/alat)
               b(1) = ( -0.7071  0.7071  0.7071 )  
               b(2) = (  0.7071 -0.7071  0.7071 )  
               b(3) = (  0.7071  0.7071 -0.7071 )  


     Atoms inside the unit cell: 

     Cartesian axes

     site n.  atom      mass           positions (alat units)
        1  Zn     65.3800   tau(    1) = (    0.00000    0.00000    0.00000  )
        2  Se     78.9710   tau(    2) = (    0.35355    0.35355    0.35355  )

     Computing dynamical matrix for 
                    q = (   0.3535534   0.0000000   0.0000000 )

      4 Sym.Ops. (no q -> -q+G )


     G cutoff =  581.3823  (  41391 G-vectors)     FFT grid: ( 50, 50, 50)
     G cutoff =  290.6911  (  14649 G-vectors)  smooth grid: ( 36, 36, 36)
     number of k points=   504

     PseudoPot. # 1 for Zn read from file:
     /mnt/d/brahm/agents/vishwakarma/pseudo/Zn.pbe-dn-kjpaw_psl.1.0.0.UPF
     MD5 check sum: 877bad15deadaf993162987df7215f60
     Pseudo is Projector augmented-wave + core cor, Zval = 12.0
     Generated using "atomic" code by A. Dal Corso  v.5.1.2
     Shape of augmentation charge: PSQ
     Using radial grid of 1201 points,  6 beta functions with: 
                l(1) =   0
                l(2) =   0
                l(3) =   1
                l(4) =   1
                l(5) =   2
                l(6) =   2
     Q(r) pseudized with 0 coefficients 


     PseudoPot. # 2 for Se read from file:
     /mnt/d/brahm/agents/vishwakarma/pseudo/Se.pbe-dn-kjpaw_psl.1.0.0.UPF
     MD5 check sum: 4f650775decad95a929a350dfb100c08
     Pseudo is Projector augmented-wave + core cor, Zval = 16.0
     Generated using "atomic" code by A. Dal Corso  v.5.1.2
     Shape of augmentation charge: PSQ
     Using radial grid of 1211 points,  6 beta functions with: 
                l(1) =   0
                l(2) =   0
                l(3) =   1
                l(4) =   1
                l(5) =   2
                l(6) =   2
     Q(r) pseudized with 0 coefficients 


     Mode symmetry, C_2v (mm2)  point group:


     Atomic displacements:
     There are    6 irreducible representations

     Representation     1      1 modes -  To be done

     Representation     2      1 modes -  To be done

     Representation     3      1 modes -  To be done

     Representation     4      1 modes -  To be done

     Representation     5      1 modes -  To be done

     Representation     6      1 modes -  To be done


     Message from routine init_vloc:
     Interpolation table for Vloc re-allocated
     PHONON       :      7h44m CPU      5h48m WALL



     Representation #   1 mode #   1

     Self-consistent Calculation

      iter #   1 total cpu time : 21544.6 secs   av.it.:  14.6
      thresh= 1.000E-02 alpha_mix =  0.700 |ddv_scf|^2 =  9.826E-03

      iter #   2 total cpu time : 22093.7 secs   av.it.:  11.9
      thresh= 9.913E-03 alpha_mix =  0.700 |ddv_scf|^2 =  8.954E-03

      iter #   3 total cpu time : 22623.9 secs   av.it.:  11.7
      thresh= 9.462E-03 alpha_mix =  0.700 |ddv_scf|^2 =  6.603E-03

      iter #   4 total cpu time : 23116.3 secs   av.it.:  10.9
      thresh= 8.126E-03 alpha_mix =  0.700 |ddv_scf|^2 =  3.885E-04

      iter #   5 total cpu time : 23666.9 secs   av.it.:  12.6
      thresh= 1.971E-03 alpha_mix =  0.700 |ddv_scf|^2 =  4.329E-06

      iter #   6 total cpu time : 24192.9 secs   av.it.:  12.2
      thresh= 2.081E-04 alpha_mix =  0.700 |ddv_scf|^2 =  4.465E-08

      iter #   7 total cpu time : 24752.3 secs   av.it.:  13.0
      thresh= 2.113E-05 alpha_mix =  0.700 |ddv_scf|^2 =  8.326E-09

      iter #   8 total cpu time : 25281.1 secs   av.it.:  12.0
      thresh= 9.125E-06 alpha_mix =  0.700 |ddv_scf|^2 =  2.779E-10

      iter #   9 total cpu time : 25812.1 secs   av.it.:  12.4
      thresh= 1.667E-06 alpha_mix =  0.700 |ddv_scf|^2 =  2.285E-10

      iter #  10 total cpu time : 26316.9 secs   av.it.:  11.4
      thresh= 1.512E-06 alpha_mix =  0.700 |ddv_scf|^2 =  6.508E-12

      iter #  11 total cpu time : 26841.0 secs   av.it.:  11.7
      thresh= 2.551E-07 alpha_mix =  0.700 |ddv_scf|^2 =  5.951E-13

      iter #  12 total cpu time : 27415.8 secs   av.it.:  13.0
      thresh= 7.714E-08 alpha_mix =  0.700 |ddv_scf|^2 =  2.404E-13

      iter #  13 total cpu time : 27984.2 secs   av.it.:  13.1
      thresh= 4.903E-08 alpha_mix =  0.700 |ddv_scf|^2 =  9.513E-15

     End of self-consistent calculation

     Convergence has been achieved 


     Representation #   2 mode #   2

     Self-consistent Calculation

      iter #   1 total cpu time : 28767.7 secs   av.it.:  18.0
      thresh= 1.000E-02 alpha_mix =  0.700 |ddv_scf|^2 =  1.153E+01

      iter #   2 total cpu time : 29483.4 secs   av.it.:  17.1
      thresh= 1.000E-02 alpha_mix =  0.700 |ddv_scf|^2 =  4.653E+01

      iter #   3 total cpu time : 30167.3 secs   av.it.:  16.6
      thresh= 1.000E-02 alpha_mix =  0.700 |ddv_scf|^2 =  8.705E-01

      iter #   4 total cpu time : 30824.9 secs   av.it.:  15.6
      thresh= 1.000E-02 alpha_mix =  0.700 |ddv_scf|^2 =  4.021E-01

      iter #   5 total cpu time : 31454.1 secs   av.it.:  14.8
      thresh= 1.000E-02 alpha_mix =  0.700 |ddv_scf|^2 =  2.304E-03

      iter #   6 total cpu time : 32018.0 secs   av.it.:  12.8
      thresh= 4.800E-03 alpha_mix =  0.700 |ddv_scf|^2 =  1.084E-04

      iter #   7 total cpu time : 32558.7 secs   av.it.:  12.7
      thresh= 1.041E-03 alpha_mix =  0.700 |ddv_scf|^2 =  1.175E-06

      iter #   8 total cpu time : 33097.3 secs   av.it.:  12.5
      thresh= 1.084E-04 alpha_mix =  0.700 |ddv_scf|^2 =  4.171E-07

      iter #   9 total cpu time : 33591.0 secs   av.it.:  11.0
      thresh= 6.459E-05 alpha_mix =  0.700 |ddv_scf|^2 =  2.340E-08

      iter #  10 total cpu time : 34160.0 secs   av.it.:  13.0
      thresh= 1.530E-05 alpha_mix =  0.700 |ddv_scf|^2 =  5.310E-08

      iter #  11 total cpu time : 34705.0 secs   av.it.:  11.4
      thresh= 2.304E-05 alpha_mix =  0.700 |ddv_scf|^2 =  3.854E-10

      iter #  12 total cpu time : 35237.7 secs   av.it.:  12.6
      thresh= 1.963E-06 alpha_mix =  0.700 |ddv_scf|^2 =  6.989E-11

      iter #  13 total cpu time : 35776.1 secs   av.it.:  12.7
      thresh= 8.360E-07 alpha_mix =  0.700 |ddv_scf|^2 =  7.178E-12

      iter #  14 total cpu time : 36316.5 secs   av.it.:  12.5
      thresh= 2.679E-07 alpha_mix =  0.700 |ddv_scf|^2 =  1.255E-12

      iter #  15 total cpu time : 36884.0 secs   av.it.:  13.5
      thresh= 1.120E-07 alpha_mix =  0.700 |ddv_scf|^2 =  7.263E-13

      iter #  16 total cpu time : 37412.2 secs   av.it.:  12.7
      thresh= 8.522E-08 alpha_mix =  0.700 |ddv_scf|^2 =  7.205E-14

      iter #  17 total cpu time : 37947.4 secs   av.it.:  12.8
      thresh= 2.684E-08 alpha_mix =  0.700 |ddv_scf|^2 =  4.086E-14

      iter #  18 total cpu time : 38450.9 secs   av.it.:  11.1
      thresh= 2.021E-08 alpha_mix =  0.700 |ddv_scf|^2 =  1.305E-14

      iter #  19 total cpu time : 38980.0 secs   av.it.:  12.5
      thresh= 1.142E-08 alpha_mix =  0.700 |ddv_scf|^2 =  3.502E-15

     End of self-consistent calculation

     Convergence has been achieved 


     Representation #   3 mode #   3

     Self-consistent Calculation

      iter #   1 total cpu time : 39651.9 secs   av.it.:  15.9
      thresh= 1.000E-02 alpha_mix =  0.700 |ddv_scf|^2 =  3.823E-02

      iter #   2 total cpu time : 40211.5 secs   av.it.:  12.8
      thresh= 1.000E-02 alpha_mix =  0.700 |ddv_scf|^2 =  3.589E-03

      iter #   3 total cpu time : 40752.8 secs   av.it.:  12.5
      thresh= 5.991E-03 alpha_mix =  0.700 |ddv_scf|^2 =  4.345E-04

      iter #   4 total cpu time : 41287.6 secs   av.it.:  12.5
      thresh= 2.085E-03 alpha_mix =  0.700 |ddv_scf|^2 =  7.849E-08

      iter #   5 total cpu time : 41836.1 secs   av.it.:  13.0
      thresh= 2.802E-05 alpha_mix =  0.700 |ddv_scf|^2 =  5.839E-09

      iter #   6 total cpu time : 42380.9 secs   av.it.:  12.6
      thresh= 7.641E-06 alpha_mix =  0.700 |ddv_scf|^2 =  1.631E-10

      iter #   7 total cpu time : 42897.1 secs   av.it.:  11.9
      thresh= 1.277E-06 alpha_mix =  0.700 |ddv_scf|^2 =  4.640E-12

      iter #   8 total cpu time : 43437.8 secs   av.it.:  12.8
      thresh= 2.154E-07 alpha_mix =  0.700 |ddv_scf|^2 =  7.298E-14

      iter #   9 total cpu time : 43981.7 secs   av.it.:  12.7
      thresh= 2.701E-08 alpha_mix =  0.700 |ddv_scf|^2 =  4.361E-15

     End of self-consistent calculation

     Convergence has been achieved 


     Representation #   4 mode #   4

     Self-consistent Calculation

      iter #   1 total cpu time : 44563.2 secs   av.it.:  14.1
      thresh= 1.000E-02 alpha_mix =  0.700 |ddv_scf|^2 =  1.183E-02

      iter #   2 total cpu time : 44991.4 secs   av.it.:   9.7
      thresh= 1.000E-02 alpha_mix =  0.700 |ddv_scf|^2 =  1.067E-03

      iter #   3 total cpu time : 45434.1 secs   av.it.:   9.9
      thresh= 3.266E-03 alpha_mix =  0.700 |ddv_scf|^2 =  2.284E-06

      iter #   4 total cpu time : 45986.5 secs   av.it.:  12.7
      thresh= 1.511E-04 alpha_mix =  0.700 |ddv_scf|^2 =  3.765E-08

      iter #   5 total cpu time : 46515.7 secs   av.it.:  12.3
      thresh= 1.940E-05 alpha_mix =  0.700 |ddv_scf|^2 =  3.205E-10

      iter #   6 total cpu time : 47013.6 secs   av.it.:  11.7
      thresh= 1.790E-06 alpha_mix =  0.700 |ddv_scf|^2 =  6.957E-12

      iter #   7 total cpu time : 47529.5 secs   av.it.:  12.0
      thresh= 2.638E-07 alpha_mix =  0.700 |ddv_scf|^2 =  1.433E-13

      iter #   8 total cpu time : 48046.5 secs   av.it.:  11.9
      thresh= 3.786E-08 alpha_mix =  0.700 |ddv_scf|^2 =  2.603E-15

     End of self-consistent calculation

     Convergence has been achieved 


     Representation #   5 mode #   5

     Self-consistent Calculation

      iter #   1 total cpu time : 48629.3 secs   av.it.:  14.1
      thresh= 1.000E-02 alpha_mix =  0.700 |ddv_scf|^2 =  3.108E-03

      iter #   2 total cpu time : 49112.3 secs   av.it.:  10.9
      thresh= 5.575E-03 alpha_mix =  0.700 |ddv_scf|^2 =  2.756E-04

      iter #   3 total cpu time : 49620.0 secs   av.it.:  11.4
      thresh= 1.660E-03 alpha_mix =  0.700 |ddv_scf|^2 =  8.079E-06

      iter #   4 total cpu time : 50168.7 secs   av.it.:  12.7
      thresh= 2.842E-04 alpha_mix =  0.700 |ddv_scf|^2 =  1.261E-08

      iter #   5 total cpu time : 50692.6 secs   av.it.:  12.0
      thresh= 1.123E-05 alpha_mix =  0.700 |ddv_scf|^2 =  2.501E-10

      iter #   6 total cpu time : 51218.4 secs   av.it.:  11.9
      thresh= 1.581E-06 alpha_mix =  0.700 |ddv_scf|^2 =  2.344E-12

      iter #   7 total cpu time : 51781.5 secs   av.it.:  12.5
      thresh= 1.531E-07 alpha_mix =  0.700 |ddv_scf|^2 =  9.332E-14

      iter #   8 total cpu time : 52312.4 secs   av.it.:  11.9
      thresh= 3.055E-08 alpha_mix =  0.700 |ddv_scf|^2 =  1.596E-15

     End of self-consistent calculation

     Convergence has been achieved 


     Representation #   6 mode #   6

     Self-consistent Calculation

      iter #   1 total cpu time : 53026.8 secs   av.it.:  15.9
      thresh= 1.000E-02 alpha_mix =  0.700 |ddv_scf|^2 =  1.158E-02

      iter #   2 total cpu time : 53601.8 secs   av.it.:  12.7
      thresh= 1.000E-02 alpha_mix =  0.700 |ddv_scf|^2 =  1.405E-03

      iter #   3 total cpu time : 54163.2 secs   av.it.:  12.7
      thresh= 3.748E-03 alpha_mix =  0.700 |ddv_scf|^2 =  1.145E-04

      iter #   4 total cpu time : 54698.8 secs   av.it.:  11.9
      thresh= 1.070E-03 alpha_mix =  0.700 |ddv_scf|^2 =  9.538E-08

      iter #   5 total cpu time : 55244.6 secs   av.it.:  12.6
      thresh= 3.088E-05 alpha_mix =  0.700 |ddv_scf|^2 =  4.663E-09

      iter #   6 total cpu time : 55797.3 secs   av.it.:  12.6
      thresh= 6.828E-06 alpha_mix =  0.700 |ddv_scf|^2 =  9.262E-11

      iter #   7 total cpu time : 56331.6 secs   av.it.:  11.8
      thresh= 9.624E-07 alpha_mix =  0.700 |ddv_scf|^2 =  3.842E-12

      iter #   8 total cpu time : 56884.2 secs   av.it.:  12.7
      thresh= 1.960E-07 alpha_mix =  0.700 |ddv_scf|^2 =  2.920E-14

      iter #   9 total cpu time : 57424.3 secs   av.it.:  12.7
      thresh= 1.709E-08 alpha_mix =  0.700 |ddv_scf|^2 =  2.606E-15

     End of self-consistent calculation

     Convergence has been achieved 

     Number of q in the star =    6
     List of q in the star:
          1   0.353553391   0.000000000   0.000000000
          2   0.000000000   0.353553391   0.000000000
          3   0.000000000   0.000000000  -0.353553391
          4  -0.353553391   0.000000000   0.000000000
          5   0.000000000  -0.353553391   0.000000000
          6   0.000000000   0.000000000   0.353553391

     Diagonalizing the dynamical matrix

     q = (    0.353553391   0.000000000   0.000000000 ) 

 **************************************************************************
     freq (    1) = -582076.098309 [THz] =*************** [cm-1]
     freq (    2) =  -38834.558170 [THz] =-1295381.425831 [cm-1]
     freq (    3) =  -38834.558170 [THz] =-1295381.425831 [cm-1]
     freq (    4) =  -14513.060218 [THz] = -484103.580031 [cm-1]
     freq (    5) =   -8393.008230 [THz] = -279960.619634 [cm-1]
     freq (    6) =   -8393.008230 [THz] = -279960.619634 [cm-1]
 **************************************************************************

     Mode symmetry, C_2v (mm2)  point group:

     freq (   1-   1) =  -19415968.7  [cm-1]   --> A_1  D_1  S_1      
     freq (   2-   2) =   -1295381.4  [cm-1]   --> B_1  D_3  S_3      
     freq (   3-   3) =   -1295381.4  [cm-1]   --> B_2  D_4  S_4      
     freq (   4-   4) =    -484103.6  [cm-1]   --> A_1  D_1  S_1      
     freq (   5-   5) =    -279960.6  [cm-1]   --> B_1  D_3  S_3      
     freq (   6-   6) =    -279960.6  [cm-1]   --> B_2  D_4  S_4      

     Calculation of q =   -0.1767767  -0.5303301   0.5303301

     G-vector sticks info
     --------------------
     sticks:   dense  smooth     PW     G-vecs:    dense   smooth      PW
     Sum        1573     793    283                41391    14649    3143

     Using Slab Decomposition


     Title: 
     Phonon calculation                                                         


     bravais-lattice index     =            0
     lattice parameter (alat)  =       7.5750  a.u.
     unit-cell volume          =     307.3458 (a.u.)^3
     number of atoms/cell      =            2
     number of atomic types    =            2
     number of electrons       =        28.00
     number of Kohn-Sham states=           14
     kinetic-energy cutoff     =      50.0000  Ry
     charge density cutoff     =     400.0000  Ry
     Exchange-correlation= PBE
                           (   1   4   3   4   0   0   0)

     celldm(1)=   7.574967  celldm(2)=   0.000000  celldm(3)=   0.000000
     celldm(4)=   0.000000  celldm(5)=   0.000000  celldm(6)=   0.000000

     crystal axes: (cart. coord. in units of alat)
               a(1) = (   0.000000   0.707107   0.707107 )  
               a(2) = (   0.707107   0.000000   0.707107 )  
               a(3) = (   0.707107   0.707107   0.000000 )  

     reciprocal axes: (cart. coord. in units 2 pi/alat)
               b(1) = ( -0.707107  0.707107  0.707107 )  
               b(2) = (  0.707107 -0.707107  0.707107 )  
               b(3) = (  0.707107  0.707107 -0.707107 )  


     PseudoPot. # 1 for Zn read from file:
     /mnt/d/brahm/agents/vishwakarma/pseudo/Zn.pbe-dn-kjpaw_psl.1.0.0.UPF
     MD5 check sum: 877bad15deadaf993162987df7215f60
     Pseudo is Projector augmented-wave + core cor, Zval = 12.0
     Generated using "atomic" code by A. Dal Corso  v.5.1.2
     Shape of augmentation charge: PSQ
     Using radial grid of 1201 points,  6 beta functions with: 
                l(1) =   0
                l(2) =   0
                l(3) =   1
                l(4) =   1
                l(5) =   2
                l(6) =   2
     Q(r) pseudized with 0 coefficients 


     PseudoPot. # 2 for Se read from file:
     /mnt/d/brahm/agents/vishwakarma/pseudo/Se.pbe-dn-kjpaw_psl.1.0.0.UPF
     MD5 check sum: 4f650775decad95a929a350dfb100c08
     Pseudo is Projector augmented-wave + core cor, Zval = 16.0
     Generated using "atomic" code by A. Dal Corso  v.5.1.2
     Shape of augmentation charge: PSQ
     Using radial grid of 1211 points,  6 beta functions with: 
                l(1) =   0
                l(2) =   0
                l(3) =   1
                l(4) =   1
                l(5) =   2
                l(6) =   2
     Q(r) pseudized with 0 coefficients 


     atomic species   valence    mass     pseudopotential
     Zn               12.00    65.38000     Zn( 1.00)
     Se               16.00    78.97100     Se( 1.00)

     24 Sym. Ops. (no inversion) found



   Cartesian axes

     site n.     atom                  positions (alat units)
         1        Zn     tau(   1) = (   0.0000000   0.0000000   0.0000000  )
         2        Se     tau(   2) = (   0.3535534   0.3535534   0.3535534  )

     number of k points=   936

     Number of k-points >= 100: set verbosity='high' to print them.

     Dense  grid:    41391 G-vectors     FFT dimensions: (  50,  50,  50)

     Smooth grid:    14649 G-vectors     FFT dimensions: (  36,  36,  36)

     Estimated max dynamical RAM per process >     137.98 MB

     Check: negative core charge=   -0.000002

     The potential is recalculated from file :
     /tmp/brahm_qe_jobs/c90751dd-928f-4ca2-a090-71857622670f/out/_ph0/ZnSe_phonon.save/charge-density

     Starting wfcs are   18 atomic wfcs
     Checking if some PAW data can be deallocated... 

     Band Structure Calculation
     Davidson diagonalization with overlap

     ethr =  3.57E-11,  avg # of iterations = 12.2

     total cpu time spent up to now is    58888.5 secs

     End of band structure calculation

     Number of k-points >= 100: set verbosity='high' to print the bands.

     highest occupied level (ev):     6.4360

     Writing config to output data dir /tmp/brahm_qe_jobs/c90751dd-928f-4ca2-a090-71857622670f/out/_ph0/ZnSe_phonon.save/ :
     XML data file

     Phonon calculation                                                         

     bravais-lattice index     =            0
     lattice parameter (alat)  =       7.5750  a.u.
     unit-cell volume          =     307.3458 (a.u.)^3
     number of atoms/cell      =            2
     number of atomic types    =            2
     kinetic-energy cut-off    =      50.0000  Ry
     charge density cut-off    =     400.0000  Ry
     convergence threshold     =      1.0E-14
     beta                      =       0.7000
     number of iterations used =            4
     Exchange-correlation= PBE
                           (   1   4   3   4   0   0   0)


     celldm(1)=    7.57497  celldm(2)=    0.00000  celldm(3)=    0.00000
     celldm(4)=    0.00000  celldm(5)=    0.00000  celldm(6)=    0.00000

     crystal axes: (cart. coord. in units of alat)
               a(1) = (  0.0000  0.7071  0.7071 )  
               a(2) = (  0.7071  0.0000  0.7071 )  
               a(3) = (  0.7071  0.7071  0.0000 )  

     reciprocal axes: (cart. coord. in units 2 pi/alat)
               b(1) = ( -0.7071  0.7071  0.7071 )  
               b(2) = (  0.7071 -0.7071  0.7071 )  
               b(3) = (  0.7071  0.7071 -0.7071 )  


     Atoms inside the unit cell: 

     Cartesian axes

     site n.  atom      mass           positions (alat units)
        1  Zn     65.3800   tau(    1) = (    0.00000    0.00000    0.00000  )
        2  Se     78.9710   tau(    2) = (    0.35355    0.35355    0.35355  )

     Computing dynamical matrix for 
                    q = (  -0.1767767  -0.5303301   0.5303301 )

      2 Sym.Ops. (no q -> -q+G )


     G cutoff =  581.3823  (  41391 G-vectors)     FFT grid: ( 50, 50, 50)
     G cutoff =  290.6911  (  14649 G-vectors)  smooth grid: ( 36, 36, 36)
     number of k points=   936

     PseudoPot. # 1 for Zn read from file:
     /mnt/d/brahm/agents/vishwakarma/pseudo/Zn.pbe-dn-kjpaw_psl.1.0.0.UPF
     MD5 check sum: 877bad15deadaf993162987df7215f60
     Pseudo is Projector augmented-wave + core cor, Zval = 12.0
     Generated using "atomic" code by A. Dal Corso  v.5.1.2
     Shape of augmentation charge: PSQ
     Using radial grid of 1201 points,  6 beta functions with: 
                l(1) =   0
                l(2) =   0
                l(3) =   1
                l(4) =   1
                l(5) =   2
                l(6) =   2
     Q(r) pseudized with 0 coefficients 


     PseudoPot. # 2 for Se read from file:
     /mnt/d/brahm/agents/vishwakarma/pseudo/Se.pbe-dn-kjpaw_psl.1.0.0.UPF
     MD5 check sum: 4f650775decad95a929a350dfb100c08
     Pseudo is Projector augmented-wave + core cor, Zval = 16.0
     Generated using "atomic" code by A. Dal Corso  v.5.1.2
     Shape of augmentation charge: PSQ
     Using radial grid of 1211 points,  6 beta functions with: 
                l(1) =   0
                l(2) =   0
                l(3) =   1
                l(4) =   1
                l(5) =   2
                l(6) =   2
     Q(r) pseudized with 0 coefficients 


     Mode symmetry, C_s (m)     point group:


     Atomic displacements:
     There are    6 irreducible representations

     Representation     1      1 modes -  To be done

     Representation     2      1 modes -  To be done

     Representation     3      1 modes -  To be done

     Representation     4      1 modes -  To be done

     Representation     5      1 modes -  To be done

     Representation     6      1 modes -  To be done



     Alpha used in Ewald sum =   2.8000
     PHONON       :   2d 1h48m CPU     16h24m WALL



     Representation #   1 mode #   1

     Self-consistent Calculation

      iter #   1 total cpu time : 59840.9 secs   av.it.:   8.3
      thresh= 1.000E-02 alpha_mix =  0.700 |ddv_scf|^2 =  7.328E-05

      iter #   2 total cpu time : 60891.9 secs   av.it.:  12.9
      thresh= 8.561E-04 alpha_mix =  0.700 |ddv_scf|^2 =  9.433E-05

      iter #   3 total cpu time : 61888.1 secs   av.it.:  12.0
      thresh= 9.712E-04 alpha_mix =  0.700 |ddv_scf|^2 =  1.697E-06

      iter #   4 total cpu time : 62914.0 secs   av.it.:  12.9
      thresh= 1.303E-04 alpha_mix =  0.700 |ddv_scf|^2 =  1.408E-07

      iter #   5 total cpu time : 63970.6 secs   av.it.:  13.3
      thresh= 3.752E-05 alpha_mix =  0.700 |ddv_scf|^2 =  1.840E-08

      iter #   6 total cpu time : 65027.3 secs   av.it.:  13.2
      thresh= 1.356E-05 alpha_mix =  0.700 |ddv_scf|^2 =  2.440E-09

      iter #   7 total cpu time : 66060.4 secs   av.it.:  12.8
      thresh= 4.940E-06 alpha_mix =  0.700 |ddv_scf|^2 =  1.458E-10

      iter #   8 total cpu time : 67136.8 secs   av.it.:  13.8
      thresh= 1.207E-06 alpha_mix =  0.700 |ddv_scf|^2 =  3.266E-11

      iter #   9 total cpu time : 68189.1 secs   av.it.:  13.1
      thresh= 5.715E-07 alpha_mix =  0.700 |ddv_scf|^2 =  9.997E-12

      iter #  10 total cpu time : 69184.6 secs   av.it.:  12.2
      thresh= 3.162E-07 alpha_mix =  0.700 |ddv_scf|^2 =  4.355E-13

      iter #  11 total cpu time : 70238.5 secs   av.it.:  13.0
      thresh= 6.599E-08 alpha_mix =  0.700 |ddv_scf|^2 =  1.843E-13

      iter #  12 total cpu time : 71276.3 secs   av.it.:  12.9
      thresh= 4.293E-08 alpha_mix =  0.700 |ddv_scf|^2 =  1.667E-14

      iter #  13 total cpu time : 72323.9 secs   av.it.:  12.9
      thresh= 1.291E-08 alpha_mix =  0.700 |ddv_scf|^2 =  3.864E-15

     End of self-consistent calculation

     Convergence has been achieved 


     Representation #   2 mode #   2

     Self-consistent Calculation

      iter #   1 total cpu time : 73185.0 secs   av.it.:   9.9
      thresh= 1.000E-02 alpha_mix =  0.700 |ddv_scf|^2 =  1.520E-04

      iter #   2 total cpu time : 74249.9 secs   av.it.:  13.0
      thresh= 1.233E-03 alpha_mix =  0.700 |ddv_scf|^2 =  2.623E-04

      iter #   3 total cpu time : 75236.6 secs   av.it.:  11.8
      thresh= 1.620E-03 alpha_mix =  0.700 |ddv_scf|^2 =  1.924E-06

      iter #   4 total cpu time : 76289.7 secs   av.it.:  13.3
      thresh= 1.387E-04 alpha_mix =  0.700 |ddv_scf|^2 =  2.228E-07

      iter #   5 total cpu time : 77354.1 secs   av.it.:  13.5
      thresh= 4.720E-05 alpha_mix =  0.700 |ddv_scf|^2 =  4.919E-08

      iter #   6 total cpu time : 78413.3 secs   av.it.:  13.0
      thresh= 2.218E-05 alpha_mix =  0.700 |ddv_scf|^2 =  3.275E-09

      iter #   7 total cpu time : 79454.1 secs   av.it.:  12.8
      thresh= 5.723E-06 alpha_mix =  0.700 |ddv_scf|^2 =  5.781E-10

      iter #   8 total cpu time : 80492.6 secs   av.it.:  12.9
      thresh= 2.404E-06 alpha_mix =  0.700 |ddv_scf|^2 =  9.678E-11

      iter #   9 total cpu time : 81569.0 secs   av.it.:  13.1
      thresh= 9.838E-07 alpha_mix =  0.700 |ddv_scf|^2 =  8.958E-12

      iter #  10 total cpu time : 82673.1 secs   av.it.:  13.7
      thresh= 2.993E-07 alpha_mix =  0.700 |ddv_scf|^2 =  1.941E-12

      iter #  11 total cpu time : 83721.8 secs   av.it.:  13.1
      thresh= 1.393E-07 alpha_mix =  0.700 |ddv_scf|^2 =  2.779E-13

      iter #  12 total cpu time : 84782.4 secs   av.it.:  13.1
      thresh= 5.271E-08 alpha_mix =  0.700 |ddv_scf|^2 =  2.803E-14

      iter #  13 total cpu time : 85838.6 secs   av.it.:  13.0
      thresh= 1.674E-08 alpha_mix =  0.700 |ddv_scf|^2 =  3.136E-15

     End of self-consistent calculation

     Convergence has been achieved 


     Representation #   3 mode #   3

     Self-consistent Calculation

      iter #   1 total cpu time : 86699.9 secs   av.it.:  10.0
      thresh= 1.000E-02 alpha_mix =  0.700 |ddv_scf|^2 =  1.385E-04

      iter #   2 total cpu time : 87785.0 secs   av.it.:  13.2
      thresh= 1.177E-03 alpha_mix =  0.700 |ddv_scf|^2 =  2.047E-04

      iter #   3 total cpu time : 88789.9 secs   av.it.:  11.9
      thresh= 1.431E-03 alpha_mix =  0.700 |ddv_scf|^2 =  3.407E-06

      iter #   4 total cpu time : 89822.5 secs   av.it.:  12.9
      thresh= 1.846E-04 alpha_mix =  0.700 |ddv_scf|^2 =  2.540E-07

      iter #   5 total cpu time : 90898.5 secs   av.it.:  13.2
      thresh= 5.040E-05 alpha_mix =  0.700 |ddv_scf|^2 =  3.518E-08

      iter #   6 total cpu time : 91963.4 secs   av.it.:  13.2
      thresh= 1.876E-05 alpha_mix =  0.700 |ddv_scf|^2 =  3.461E-09

      iter #   7 total cpu time : 93003.2 secs   av.it.:  12.9
      thresh= 5.883E-06 alpha_mix =  0.700 |ddv_scf|^2 =  4.413E-10

      iter #   8 total cpu time : 94083.9 secs   av.it.:  13.1
      thresh= 2.101E-06 alpha_mix =  0.700 |ddv_scf|^2 =  4.496E-11

      iter #   9 total cpu time : 95165.6 secs   av.it.:  13.1
      thresh= 6.705E-07 alpha_mix =  0.700 |ddv_scf|^2 =  8.165E-12

      iter #  10 total cpu time : 96193.9 secs   av.it.:  12.8
      thresh= 2.857E-07 alpha_mix =  0.700 |ddv_scf|^2 =  7.079E-13

      iter #  11 total cpu time : 97231.9 secs   av.it.:  12.9
      thresh= 8.414E-08 alpha_mix =  0.700 |ddv_scf|^2 =  3.789E-13

      iter #  12 total cpu time : 98275.6 secs   av.it.:  12.8
      thresh= 6.155E-08 alpha_mix =  0.700 |ddv_scf|^2 =  1.392E-13

      iter #  13 total cpu time : 99305.6 secs   av.it.:  12.9
      thresh= 3.730E-08 alpha_mix =  0.700 |ddv_scf|^2 =  1.137E-14

      iter #  14 total cpu time :100341.6 secs   av.it.:  12.9
      thresh= 1.066E-08 alpha_mix =  0.700 |ddv_scf|^2 =  2.175E-15

     End of self-consistent calculation

     Convergence has been achieved 


     Representation #   4 mode #   4

     Self-consistent Calculation

      iter #   1 total cpu time :101126.0 secs   av.it.:   8.0
      thresh= 1.000E-02 alpha_mix =  0.700 |ddv_scf|^2 =  2.332E-05

      iter #   2 total cpu time :102172.1 secs   av.it.:  12.9
      thresh= 4.829E-04 alpha_mix =  0.700 |ddv_scf|^2 =  1.026E-05

      iter #   3 total cpu time :103206.6 secs   av.it.:  12.8
      thresh= 3.203E-04 alpha_mix =  0.700 |ddv_scf|^2 =  1.327E-06

      iter #   4 total cpu time :104224.6 secs   av.it.:  12.7
      thresh= 1.152E-04 alpha_mix =  0.700 |ddv_scf|^2 =  1.095E-07

      iter #   5 total cpu time :105250.6 secs   av.it.:  12.9
      thresh= 3.309E-05 alpha_mix =  0.700 |ddv_scf|^2 =  5.832E-09

      iter #   6 total cpu time :106319.9 secs   av.it.:  13.7
      thresh= 7.637E-06 alpha_mix =  0.700 |ddv_scf|^2 =  1.272E-09

      iter #   7 total cpu time :107378.1 secs   av.it.:  13.4
      thresh= 3.567E-06 alpha_mix =  0.700 |ddv_scf|^2 =  1.718E-10

      iter #   8 total cpu time :108433.0 secs   av.it.:  13.1
      thresh= 1.311E-06 alpha_mix =  0.700 |ddv_scf|^2 =  2.579E-11

      iter #   9 total cpu time :109500.5 secs   av.it.:  13.0
      thresh= 5.078E-07 alpha_mix =  0.700 |ddv_scf|^2 =  5.102E-12

      iter #  10 total cpu time :110523.0 secs   av.it.:  12.7
      thresh= 2.259E-07 alpha_mix =  0.700 |ddv_scf|^2 =  4.735E-13

      iter #  11 total cpu time :111549.4 secs   av.it.:  12.9
      thresh= 6.881E-08 alpha_mix =  0.700 |ddv_scf|^2 =  1.194E-13

      iter #  12 total cpu time :112597.7 secs   av.it.:  13.1
      thresh= 3.455E-08 alpha_mix =  0.700 |ddv_scf|^2 =  1.839E-14

      iter #  13 total cpu time :113664.6 secs   av.it.:  13.3
      thresh= 1.356E-08 alpha_mix =  0.700 |ddv_scf|^2 =  4.711E-15

     End of self-consistent calculation

     Convergence has been achieved 


     Representation #   5 mode #   5

     Self-consistent Calculation

      iter #   1 total cpu time :114515.7 secs   av.it.:   9.7
      thresh= 1.000E-02 alpha_mix =  0.700 |ddv_scf|^2 =  4.172E-05

      iter #   2 total cpu time :115593.0 secs   av.it.:  13.3
      thresh= 6.459E-04 alpha_mix =  0.700 |ddv_scf|^2 =  7.751E-06

      iter #   3 total cpu time :116655.2 secs   av.it.:  12.7
      thresh= 2.784E-04 alpha_mix =  0.700 |ddv_scf|^2 =  3.737E-08

      iter #   4 total cpu time :117711.9 secs   av.it.:  13.3
      thresh= 1.933E-05 alpha_mix =  0.700 |ddv_scf|^2 =  1.188E-09

      iter #   5 total cpu time :118777.4 secs   av.it.:  13.2
      thresh= 3.447E-06 alpha_mix =  0.700 |ddv_scf|^2 =  2.116E-11

      iter #   6 total cpu time :119827.5 secs   av.it.:  12.9
      thresh= 4.600E-07 alpha_mix =  0.700 |ddv_scf|^2 =  4.258E-13

      iter #   7 total cpu time :120817.9 secs   av.it.:  12.6
      thresh= 6.526E-08 alpha_mix =  0.700 |ddv_scf|^2 =  1.429E-14

      iter #   8 total cpu time :121834.2 secs   av.it.:  12.7
      thresh= 1.195E-08 alpha_mix =  0.700 |ddv_scf|^2 =  1.913E-16

     End of self-consistent calculation

     Convergence has been achieved 


     Representation #   6 mode #   6

     Self-consistent Calculation

      iter #   1 total cpu time :122593.6 secs   av.it.:   7.9
      thresh= 1.000E-02 alpha_mix =  0.700 |ddv_scf|^2 =  1.474E-05

      iter #   2 total cpu time :123641.0 secs   av.it.:  12.7
      thresh= 3.839E-04 alpha_mix =  0.700 |ddv_scf|^2 =  1.496E-06

      iter #   3 total cpu time :124697.0 secs   av.it.:  12.9
      thresh= 1.223E-04 alpha_mix =  0.700 |ddv_scf|^2 =  3.373E-08

      iter #   4 total cpu time :125738.6 secs   av.it.:  12.8
      thresh= 1.837E-05 alpha_mix =  0.700 |ddv_scf|^2 =  1.267E-09

      iter #   5 total cpu time :126740.4 secs   av.it.:  12.4
      thresh= 3.560E-06 alpha_mix =  0.700 |ddv_scf|^2 =  1.722E-11

      iter #   6 total cpu time :127721.6 secs   av.it.:  12.3
      thresh= 4.150E-07 alpha_mix =  0.700 |ddv_scf|^2 =  8.385E-14

      iter #   7 total cpu time :128744.5 secs   av.it.:  12.9
      thresh= 2.896E-08 alpha_mix =  0.700 |ddv_scf|^2 =  6.738E-15

     End of self-consistent calculation

     Convergence has been achieved 

     Number of q in the star =   12
     List of q in the star:
          1  -0.176776695  -0.530330086   0.530330086
          2  -0.176776695   0.530330086  -0.530330086
          3  -0.530330086  -0.176776695   0.530330086
          4  -0.530330086  -0.530330086   0.176776695
          5   0.176776695  -0.530330086  -0.530330086
          6   0.176776695   0.530330086   0.530330086
          7   0.530330086  -0.176776695  -0.530330086
          8   0.530330086   0.176776695   0.530330086
          9  -0.530330086   0.176776695  -0.530330086
         10  -0.530330086   0.530330086  -0.176776695
         11   0.530330086   0.530330086   0.176776695
         12   0.530330086  -0.530330086  -0.176776695
     In addition there is the -q list: 
          1   0.176776695   0.530330086  -0.530330086
          2   0.176776695  -0.530330086   0.530330086
          3   0.530330086   0.176776695  -0.530330086
          4   0.530330086   0.530330086  -0.176776695
          5  -0.176776695   0.530330086   0.530330086
          6  -0.176776695  -0.530330086  -0.530330086
          7  -0.530330086   0.176776695   0.530330086
          8  -0.530330086  -0.176776695  -0.530330086
          9   0.530330086  -0.176776695   0.530330086
         10   0.530330086  -0.530330086   0.176776695
         11  -0.530330086  -0.530330086  -0.176776695
         12  -0.530330086   0.530330086   0.176776695

     Diagonalizing the dynamical matrix

     q = (   -0.176776695  -0.530330086   0.530330086 ) 

 **************************************************************************
     freq (    1) =       1.907678 [THz] =      63.633293 [cm-1]
     freq (    2) =       2.495736 [THz] =      83.248800 [cm-1]
     freq (    3) =       4.704017 [THz] =     156.909125 [cm-1]
     freq (    4) =       6.160581 [THz] =     205.494859 [cm-1]
     freq (    5) =       6.299894 [THz] =     210.141856 [cm-1]
     freq (    6) =       6.659251 [THz] =     222.128702 [cm-1]
 **************************************************************************

     Mode symmetry, C_s (m)     point group:

     freq (   1-   1) =         63.6  [cm-1]   --> A''                
     freq (   2-   2) =         83.2  [cm-1]   --> A'                 
     freq (   3-   3) =        156.9  [cm-1]   --> A'                 
     freq (   4-   4) =        205.5  [cm-1]   --> A'                 
     freq (   5-   5) =        210.1  [cm-1]   --> A''                
     freq (   6-   6) =        222.1  [cm-1]   --> A'                 

     Calculation of q =    0.0000000  -0.3535534   0.3535534

     G-vector sticks info
     --------------------
     sticks:   dense  smooth     PW     G-vecs:    dense   smooth      PW
     Sum        1573     793    265                41391    14649    2891

     Using Slab Decomposition


     Title: 
     Phonon calculation                                                         


     bravais-lattice index     =            0
     lattice parameter (alat)  =       7.5750  a.u.
     unit-cell volume          =     307.3458 (a.u.)^3
     number of atoms/cell      =            2
     number of atomic types    =            2
     number of electrons       =        28.00
     number of Kohn-Sham states=           14
     kinetic-energy cutoff     =      50.0000  Ry
     charge density cutoff     =     400.0000  Ry
     Exchange-correlation= PBE
                           (   1   4   3   4   0   0   0)

     celldm(1)=   7.574967  celldm(2)=   0.000000  celldm(3)=   0.000000
     celldm(4)=   0.000000  celldm(5)=   0.000000  celldm(6)=   0.000000

     crystal axes: (cart. coord. in units of alat)
               a(1) = (   0.000000   0.707107   0.707107 )  
               a(2) = (   0.707107   0.000000   0.707107 )  
               a(3) = (   0.707107   0.707107   0.000000 )  

     reciprocal axes: (cart. coord. in units 2 pi/alat)
               b(1) = ( -0.707107  0.707107  0.707107 )  
               b(2) = (  0.707107 -0.707107  0.707107 )  
               b(3) = (  0.707107  0.707107 -0.707107 )  


     PseudoPot. # 1 for Zn read from file:
     /mnt/d/brahm/agents/vishwakarma/pseudo/Zn.pbe-dn-kjpaw_psl.1.0.0.UPF
     MD5 check sum: 877bad15deadaf993162987df7215f60
     Pseudo is Projector augmented-wave + core cor, Zval = 12.0
     Generated using "atomic" code by A. Dal Corso  v.5.1.2
     Shape of augmentation charge: PSQ
     Using radial grid of 1201 points,  6 beta functions with: 
                l(1) =   0
                l(2) =   0
                l(3) =   1
                l(4) =   1
                l(5) =   2
                l(6) =   2
     Q(r) pseudized with 0 coefficients 


     PseudoPot. # 2 for Se read from file:
     /mnt/d/brahm/agents/vishwakarma/pseudo/Se.pbe-dn-kjpaw_psl.1.0.0.UPF
     MD5 check sum: 4f650775decad95a929a350dfb100c08
     Pseudo is Projector augmented-wave + core cor, Zval = 16.0
     Generated using "atomic" code by A. Dal Corso  v.5.1.2
     Shape of augmentation charge: PSQ
     Using radial grid of 1211 points,  6 beta functions with: 
                l(1) =   0
                l(2) =   0
                l(3) =   1
                l(4) =   1
                l(5) =   2
                l(6) =   2
     Q(r) pseudized with 0 coefficients 


     atomic species   valence    mass     pseudopotential
     Zn               12.00    65.38000     Zn( 1.00)
     Se               16.00    78.97100     Se( 1.00)

     24 Sym. Ops. (no inversion) found



   Cartesian axes

     site n.     atom                  positions (alat units)
         1        Zn     tau(   1) = (   0.0000000   0.0000000   0.0000000  )
         2        Se     tau(   2) = (   0.3535534   0.3535534   0.3535534  )

     number of k points=   936

     Number of k-points >= 100: set verbosity='high' to print them.

     Dense  grid:    41391 G-vectors     FFT dimensions: (  50,  50,  50)

     Smooth grid:    14649 G-vectors     FFT dimensions: (  36,  36,  36)

     Estimated max dynamical RAM per process >     137.95 MB

     Check: negative core charge=   -0.000002

     The potential is recalculated from file :
     /tmp/brahm_qe_jobs/c90751dd-928f-4ca2-a090-71857622670f/out/_ph0/ZnSe_phonon.save/charge-density

     Starting wfcs are   18 atomic wfcs
     Checking if some PAW data can be deallocated... 

     Band Structure Calculation
     Davidson diagonalization with overlap

     ethr =  3.57E-11,  avg # of iterations = 12.2

     total cpu time spent up to now is    60371.9 secs

     End of band structure calculation

     Number of k-points >= 100: set verbosity='high' to print the bands.

     highest occupied level (ev):     6.4360

     Writing config to output data dir /tmp/brahm_qe_jobs/c90751dd-928f-4ca2-a090-71857622670f/out/_ph0/ZnSe_phonon.save/ :
     XML data file

     Phonon calculation                                                         

     bravais-lattice index     =            0
     lattice parameter (alat)  =       7.5750  a.u.
     unit-cell volume          =     307.3458 (a.u.)^3
     number of atoms/cell      =            2
     number of atomic types    =            2
     kinetic-energy cut-off    =      50.0000  Ry
     charge density cut-off    =     400.0000  Ry
     convergence threshold     =      1.0E-14
     beta                      =       0.7000
     number of iterations used =            4
     Exchange-correlation= PBE
                           (   1   4   3   4   0   0   0)


     celldm(1)=    7.57497  celldm(2)=    0.00000  celldm(3)=    0.00000
     celldm(4)=    0.00000  celldm(5)=    0.00000  celldm(6)=    0.00000

     crystal axes: (cart. coord. in units of alat)
               a(1) = (  0.0000  0.7071  0.7071 )  
               a(2) = (  0.7071  0.0000  0.7071 )  
               a(3) = (  0.7071  0.7071  0.0000 )  

     reciprocal axes: (cart. coord. in units 2 pi/alat)
               b(1) = ( -0.7071  0.7071  0.7071 )  
               b(2) = (  0.7071 -0.7071  0.7071 )  
               b(3) = (  0.7071  0.7071 -0.7071 )  


     Atoms inside the unit cell: 

     Cartesian axes

     site n.  atom      mass           positions (alat units)
        1  Zn     65.3800   tau(    1) = (    0.00000    0.00000    0.00000  )
        2  Se     78.9710   tau(    2) = (    0.35355    0.35355    0.35355  )

     Computing dynamical matrix for 
                    q = (   0.0000000  -0.3535534   0.3535534 )

      2 Sym.Ops. (no q -> -q+G )


     G cutoff =  581.3823  (  41391 G-vectors)     FFT grid: ( 50, 50, 50)
     G cutoff =  290.6911  (  14649 G-vectors)  smooth grid: ( 36, 36, 36)
     number of k points=   936

     PseudoPot. # 1 for Zn read from file:
     /mnt/d/brahm/agents/vishwakarma/pseudo/Zn.pbe-dn-kjpaw_psl.1.0.0.UPF
     MD5 check sum: 877bad15deadaf993162987df7215f60
     Pseudo is Projector augmented-wave + core cor, Zval = 12.0
     Generated using "atomic" code by A. Dal Corso  v.5.1.2
     Shape of augmentation charge: PSQ
     Using radial grid of 1201 points,  6 beta functions with: 
                l(1) =   0
                l(2) =   0
                l(3) =   1
                l(4) =   1
                l(5) =   2
                l(6) =   2
     Q(r) pseudized with 0 coefficients 


     PseudoPot. # 2 for Se read from file:
     /mnt/d/brahm/agents/vishwakarma/pseudo/Se.pbe-dn-kjpaw_psl.1.0.0.UPF
     MD5 check sum: 4f650775decad95a929a350dfb100c08
     Pseudo is Projector augmented-wave + core cor, Zval = 16.0
     Generated using "atomic" code by A. Dal Corso  v.5.1.2
     Shape of augmentation charge: PSQ
     Using radial grid of 1211 points,  6 beta functions with: 
                l(1) =   0
                l(2) =   0
                l(3) =   1
                l(4) =   1
                l(5) =   2
                l(6) =   2
     Q(r) pseudized with 0 coefficients 


     Mode symmetry, C_s (m)     point group:


     Atomic displacements:
     There are    6 irreducible representations

     Representation     1      1 modes -  To be done

     Representation     2      1 modes -  To be done

     Representation     3      1 modes -  To be done

     Representation     4      1 modes -  To be done

     Representation     5      1 modes -  To be done

     Representation     6      1 modes -  To be done



     Alpha used in Ewald sum =   2.8000
     PHONON       :   5d 8h25m CPU   1d12h12m WALL



     Representation #   1 mode #   1

     Self-consistent Calculation

      iter #   1 total cpu time :131116.3 secs   av.it.:   8.2
      thresh= 1.000E-02 alpha_mix =  0.700 |ddv_scf|^2 =  7.827E-05

      iter #   2 total cpu time :132160.5 secs   av.it.:  12.8
      thresh= 8.847E-04 alpha_mix =  0.700 |ddv_scf|^2 =  1.691E-04

      iter #   3 total cpu time :133112.6 secs   av.it.:  11.1
      thresh= 1.300E-03 alpha_mix =  0.700 |ddv_scf|^2 =  1.728E-06

      iter #   4 total cpu time :134123.1 secs   av.it.:  12.9
      thresh= 1.315E-04 alpha_mix =  0.700 |ddv_scf|^2 =  1.185E-07

      iter #   5 total cpu time :135183.3 secs   av.it.:  13.5
      thresh= 3.442E-05 alpha_mix =  0.700 |ddv_scf|^2 =  2.077E-08

      iter #   6 total cpu time :136227.1 secs   av.it.:  13.4
      thresh= 1.441E-05 alpha_mix =  0.700 |ddv_scf|^2 =  2.156E-09

      iter #   7 total cpu time :137248.6 secs   av.it.:  13.0
      thresh= 4.643E-06 alpha_mix =  0.700 |ddv_scf|^2 =  1.363E-10

      iter #   8 total cpu time :138359.8 secs   av.it.:  13.9
      thresh= 1.168E-06 alpha_mix =  0.700 |ddv_scf|^2 =  5.096E-11

      iter #   9 total cpu time :139426.4 secs   av.it.:  12.8
      thresh= 7.138E-07 alpha_mix =  0.700 |ddv_scf|^2 =  1.089E-11

      iter #  10 total cpu time :140460.7 secs   av.it.:  12.7
      thresh= 3.299E-07 alpha_mix =  0.700 |ddv_scf|^2 =  4.527E-13

      iter #  11 total cpu time :141521.9 secs   av.it.:  12.9
      thresh= 6.728E-08 alpha_mix =  0.700 |ddv_scf|^2 =  1.370E-13

      iter #  12 total cpu time :142613.5 secs   av.it.:  13.2
      thresh= 3.701E-08 alpha_mix =  0.700 |ddv_scf|^2 =  4.624E-14

      iter #  13 total cpu time :143665.5 secs   av.it.:  13.0
      thresh= 2.150E-08 alpha_mix =  0.700 |ddv_scf|^2 =  3.732E-15

     End of self-consistent calculation

     Convergence has been achieved 


     Representation #   2 mode #   2

     Self-consistent Calculation

      iter #   1 total cpu time :144515.8 secs   av.it.:   9.9
      thresh= 1.000E-02 alpha_mix =  0.700 |ddv_scf|^2 =  1.182E-04

      iter #   2 total cpu time :145560.3 secs   av.it.:  13.0
      thresh= 1.087E-03 alpha_mix =  0.700 |ddv_scf|^2 =  2.254E-04

      iter #   3 total cpu time :146510.0 secs   av.it.:  11.3
      thresh= 1.501E-03 alpha_mix =  0.700 |ddv_scf|^2 =  5.949E-06

      iter #   4 total cpu time :147510.9 secs   av.it.:  12.7
      thresh= 2.439E-04 alpha_mix =  0.700 |ddv_scf|^2 =  1.038E-07

      iter #   5 total cpu time :148556.2 secs   av.it.:  13.1
      thresh= 3.222E-05 alpha_mix =  0.700 |ddv_scf|^2 =  2.009E-08

      iter #   6 total cpu time :149602.2 secs   av.it.:  13.0
      thresh= 1.417E-05 alpha_mix =  0.700 |ddv_scf|^2 =  4.286E-09

      iter #   7 total cpu time :150637.3 secs   av.it.:  13.1
      thresh= 6.546E-06 alpha_mix =  0.700 |ddv_scf|^2 =  4.287E-10

      iter #   8 total cpu time :151697.8 secs   av.it.:  13.6
      thresh= 2.070E-06 alpha_mix =  0.700 |ddv_scf|^2 =  6.618E-11

      iter #   9 total cpu time :152745.1 secs   av.it.:  13.2
      thresh= 8.135E-07 alpha_mix =  0.700 |ddv_scf|^2 =  3.013E-12

      iter #  10 total cpu time :153773.0 secs   av.it.:  13.0
      thresh= 1.736E-07 alpha_mix =  0.700 |ddv_scf|^2 =  7.103E-13

      iter #  11 total cpu time :154789.0 secs   av.it.:  12.8
      thresh= 8.428E-08 alpha_mix =  0.700 |ddv_scf|^2 =  1.762E-13

      iter #  12 total cpu time :155832.4 secs   av.it.:  13.2
      thresh= 4.198E-08 alpha_mix =  0.700 |ddv_scf|^2 =  6.851E-14

      iter #  13 total cpu time :156861.4 secs   av.it.:  13.1
      thresh= 2.618E-08 alpha_mix =  0.700 |ddv_scf|^2 =  8.767E-15

     End of self-consistent calculation

     Convergence has been achieved 


     Representation #   3 mode #   3

     Self-consistent Calculation

      iter #   1 total cpu time :157709.4 secs   av.it.:  10.0
      thresh= 1.000E-02 alpha_mix =  0.700 |ddv_scf|^2 =  3.056E-04

      iter #   2 total cpu time :158746.7 secs   av.it.:  12.9
      thresh= 1.748E-03 alpha_mix =  0.700 |ddv_scf|^2 =  8.799E-04

      iter #   3 total cpu time :159695.2 secs   av.it.:  11.0
      thresh= 2.966E-03 alpha_mix =  0.700 |ddv_scf|^2 =  3.103E-06

      iter #   4 total cpu time :160719.7 secs   av.it.:  13.0
      thresh= 1.762E-04 alpha_mix =  0.700 |ddv_scf|^2 =  2.873E-07

      iter #   5 total cpu time :161760.9 secs   av.it.:  13.3
      thresh= 5.360E-05 alpha_mix =  0.700 |ddv_scf|^2 =  7.076E-08

      iter #   6 total cpu time :162779.2 secs   av.it.:  12.9
      thresh= 2.660E-05 alpha_mix =  0.700 |ddv_scf|^2 =  6.048E-09

      iter #   7 total cpu time :163784.1 secs   av.it.:  12.7
      thresh= 7.777E-06 alpha_mix =  0.700 |ddv_scf|^2 =  2.985E-10

      iter #   8 total cpu time :164861.8 secs   av.it.:  13.9
      thresh= 1.728E-06 alpha_mix =  0.700 |ddv_scf|^2 =  7.179E-11

      iter #   9 total cpu time :165898.8 secs   av.it.:  13.4
      thresh= 8.473E-07 alpha_mix =  0.700 |ddv_scf|^2 =  3.679E-12

      iter #  10 total cpu time :166888.8 secs   av.it.:  12.7
      thresh= 1.918E-07 alpha_mix =  0.700 |ddv_scf|^2 =  3.120E-13

      iter #  11 total cpu time :167919.6 secs   av.it.:  13.0
      thresh= 5.585E-08 alpha_mix =  0.700 |ddv_scf|^2 =  9.220E-14

      iter #  12 total cpu time :168935.3 secs   av.it.:  12.9
      thresh= 3.036E-08 alpha_mix =  0.700 |ddv_scf|^2 =  3.439E-14

      iter #  13 total cpu time :169939.7 secs   av.it.:  12.9
      thresh= 1.855E-08 alpha_mix =  0.700 |ddv_scf|^2 =  3.792E-15

     End of self-consistent calculation

     Convergence has been achieved 


     Representation #   4 mode #   4

     Self-consistent Calculation

      iter #   1 total cpu time :170708.6 secs   av.it.:   8.2
      thresh= 1.000E-02 alpha_mix =  0.700 |ddv_scf|^2 =  7.701E-05

      iter #   2 total cpu time :171725.1 secs   av.it.:  12.8
      thresh= 8.776E-04 alpha_mix =  0.700 |ddv_scf|^2 =  1.677E-04

      iter #   3 total cpu time :172666.5 secs   av.it.:  11.1
      thresh= 1.295E-03 alpha_mix =  0.700 |ddv_scf|^2 =  1.657E-06

      iter #   4 total cpu time :173676.1 secs   av.it.:  12.9
      thresh= 1.287E-04 alpha_mix =  0.700 |ddv_scf|^2 =  1.187E-07

      iter #   5 total cpu time :174735.8 secs   av.it.:  13.5
      thresh= 3.445E-05 alpha_mix =  0.700 |ddv_scf|^2 =  2.065E-08

      iter #   6 total cpu time :175781.0 secs   av.it.:  13.4
      thresh= 1.437E-05 alpha_mix =  0.700 |ddv_scf|^2 =  2.180E-09

      iter #   7 total cpu time :176799.4 secs   av.it.:  13.0
      thresh= 4.669E-06 alpha_mix =  0.700 |ddv_scf|^2 =  1.429E-10

      iter #   8 total cpu time :177860.5 secs   av.it.:  13.8
      thresh= 1.196E-06 alpha_mix =  0.700 |ddv_scf|^2 =  5.510E-11

      iter #   9 total cpu time :178856.5 secs   av.it.:  12.8
      thresh= 7.423E-07 alpha_mix =  0.700 |ddv_scf|^2 =  1.047E-11

      iter #  10 total cpu time :179881.7 secs   av.it.:  12.8
      thresh= 3.236E-07 alpha_mix =  0.700 |ddv_scf|^2 =  4.550E-13

      iter #  11 total cpu time :180945.3 secs   av.it.:  13.0
      thresh= 6.746E-08 alpha_mix =  0.700 |ddv_scf|^2 =  1.362E-13

      iter #  12 total cpu time :182006.2 secs   av.it.:  13.2
      thresh= 3.691E-08 alpha_mix =  0.700 |ddv_scf|^2 =  4.437E-14

      iter #  13 total cpu time :183048.8 secs   av.it.:  13.0
      thresh= 2.106E-08 alpha_mix =  0.700 |ddv_scf|^2 =  3.653E-15

     End of self-consistent calculation

     Convergence has been achieved 


     Representation #   5 mode #   5

     Self-consistent Calculation

      iter #   1 total cpu time :183882.8 secs   av.it.:   9.7
      thresh= 1.000E-02 alpha_mix =  0.700 |ddv_scf|^2 =  3.605E-05

      iter #   2 total cpu time :184934.0 secs   av.it.:  13.2
      thresh= 6.004E-04 alpha_mix =  0.700 |ddv_scf|^2 =  4.683E-06

      iter #   3 total cpu time :185976.2 secs   av.it.:  12.8
      thresh= 2.164E-04 alpha_mix =  0.700 |ddv_scf|^2 =  3.463E-08

      iter #   4 total cpu time :187014.2 secs   av.it.:  13.3
      thresh= 1.861E-05 alpha_mix =  0.700 |ddv_scf|^2 =  7.975E-10

      iter #   5 total cpu time :188040.8 secs   av.it.:  13.2
      thresh= 2.824E-06 alpha_mix =  0.700 |ddv_scf|^2 =  2.355E-11

      iter #   6 total cpu time :189049.3 secs   av.it.:  12.9
      thresh= 4.853E-07 alpha_mix =  0.700 |ddv_scf|^2 =  4.598E-13

      iter #   7 total cpu time :190010.3 secs   av.it.:  12.2
      thresh= 6.780E-08 alpha_mix =  0.700 |ddv_scf|^2 =  2.330E-14

      iter #   8 total cpu time :191059.6 secs   av.it.:  12.8
      thresh= 1.526E-08 alpha_mix =  0.700 |ddv_scf|^2 =  2.312E-16

     End of self-consistent calculation

     Convergence has been achieved 


     Representation #   6 mode #   6

     Self-consistent Calculation

      iter #   1 total cpu time :191835.1 secs   av.it.:   7.9
      thresh= 1.000E-02 alpha_mix =  0.700 |ddv_scf|^2 =  1.202E-05

      iter #   2 total cpu time :192877.5 secs   av.it.:  12.7
      thresh= 3.467E-04 alpha_mix =  0.700 |ddv_scf|^2 =  6.172E-07

      iter #   3 total cpu time :193958.0 secs   av.it.:  13.2
      thresh= 7.856E-05 alpha_mix =  0.700 |ddv_scf|^2 =  2.500E-08

      iter #   4 total cpu time :195030.6 secs   av.it.:  12.9
      thresh= 1.581E-05 alpha_mix =  0.700 |ddv_scf|^2 =  1.125E-09

      iter #   5 total cpu time :196128.5 secs   av.it.:  12.6
      thresh= 3.355E-06 alpha_mix =  0.700 |ddv_scf|^2 =  1.850E-11

      iter #   6 total cpu time :197173.7 secs   av.it.:  12.3
      thresh= 4.302E-07 alpha_mix =  0.700 |ddv_scf|^2 =  7.557E-14

      iter #   7 total cpu time :198257.4 secs   av.it.:  12.9
      thresh= 2.749E-08 alpha_mix =  0.700 |ddv_scf|^2 =  6.348E-15

     End of self-consistent calculation

     Convergence has been achieved 

     Number of q in the star =   12
     List of q in the star:
          1   0.000000000  -0.353553391   0.353553391
          2   0.000000000   0.353553391  -0.353553391
          3  -0.353553391   0.000000000   0.353553391
          4  -0.353553391  -0.353553391   0.000000000
          5   0.000000000  -0.353553391  -0.353553391
          6   0.000000000   0.353553391   0.353553391
          7   0.353553391   0.000000000  -0.353553391
          8   0.353553391   0.000000000   0.353553391
          9  -0.353553391   0.000000000  -0.353553391
         10  -0.353553391   0.353553391   0.000000000
         11   0.353553391   0.353553391   0.000000000
         12   0.353553391  -0.353553391   0.000000000

     Diagonalizing the dynamical matrix

     q = (    0.000000000  -0.353553391   0.353553391 ) 

 **************************************************************************
     freq (    1) =       1.764102 [THz] =      58.844120 [cm-1]
     freq (    2) =       2.520134 [THz] =      84.062631 [cm-1]
     freq (    3) =       4.232717 [THz] =     141.188248 [cm-1]
     freq (    4) =       6.178155 [THz] =     206.081083 [cm-1]
     freq (    5) =       6.232040 [THz] =     207.878492 [cm-1]
     freq (    6) =       6.799150 [THz] =     226.795244 [cm-1]
 **************************************************************************

     Mode symmetry, C_s (m)     point group:

     freq (   1-   1) =         58.8  [cm-1]   --> A''                
     freq (   2-   2) =         84.1  [cm-1]   --> A'                 
     freq (   3-   3) =        141.2  [cm-1]   --> A'                 
     freq (   4-   4) =        206.1  [cm-1]   --> A'                 
     freq (   5-   5) =        207.9  [cm-1]   --> A''                
     freq (   6-   6) =        226.8  [cm-1]   --> A'                 

     Calculation of q =   -0.7071068   0.0000000   0.0000000

     G-vector sticks info
     --------------------
     sticks:   dense  smooth     PW     G-vecs:    dense   smooth      PW
     Sum        1573     793    271                41391    14649    2975

     Using Slab Decomposition


     Title: 
     Phonon calculation                                                         


     bravais-lattice index     =            0
     lattice parameter (alat)  =       7.5750  a.u.
     unit-cell volume          =     307.3458 (a.u.)^3
     number of atoms/cell      =            2
     number of atomic types    =            2
     number of electrons       =        28.00
     number of Kohn-Sham states=           14
     kinetic-energy cutoff     =      50.0000  Ry
     charge density cutoff     =     400.0000  Ry
     Exchange-correlation= PBE
                           (   1   4   3   4   0   0   0)

     celldm(1)=   7.574967  celldm(2)=   0.000000  celldm(3)=   0.000000
     celldm(4)=   0.000000  celldm(5)=   0.000000  celldm(6)=   0.000000

     crystal axes: (cart. coord. in units of alat)
               a(1) = (   0.000000   0.707107   0.707107 )  
               a(2) = (   0.707107   0.000000   0.707107 )  
               a(3) = (   0.707107   0.707107   0.000000 )  

     reciprocal axes: (cart. coord. in units 2 pi/alat)
               b(1) = ( -0.707107  0.707107  0.707107 )  
               b(2) = (  0.707107 -0.707107  0.707107 )  
               b(3) = (  0.707107  0.707107 -0.707107 )  


     PseudoPot. # 1 for Zn read from file:
     /mnt/d/brahm/agents/vishwakarma/pseudo/Zn.pbe-dn-kjpaw_psl.1.0.0.UPF
     MD5 check sum: 877bad15deadaf993162987df7215f60
     Pseudo is Projector augmented-wave + core cor, Zval = 12.0
     Generated using "atomic" code by A. Dal Corso  v.5.1.2
     Shape of augmentation charge: PSQ
     Using radial grid of 1201 points,  6 beta functions with: 
                l(1) =   0
                l(2) =   0
                l(3) =   1
                l(4) =   1
                l(5) =   2
                l(6) =   2
     Q(r) pseudized with 0 coefficients 


     PseudoPot. # 2 for Se read from file:
     /mnt/d/brahm/agents/vishwakarma/pseudo/Se.pbe-dn-kjpaw_psl.1.0.0.UPF
     MD5 check sum: 4f650775decad95a929a350dfb100c08
     Pseudo is Projector augmented-wave + core cor, Zval = 16.0
     Generated using "atomic" code by A. Dal Corso  v.5.1.2
     Shape of augmentation charge: PSQ
     Using radial grid of 1211 points,  6 beta functions with: 
                l(1) =   0
                l(2) =   0
                l(3) =   1
                l(4) =   1
                l(5) =   2
                l(6) =   2
     Q(r) pseudized with 0 coefficients 


     atomic species   valence    mass     pseudopotential
     Zn               12.00    65.38000     Zn( 1.00)
     Se               16.00    78.97100     Se( 1.00)

     24 Sym. Ops. (no inversion) found



   Cartesian axes

     site n.     atom                  positions (alat units)
         1        Zn     tau(   1) = (   0.0000000   0.0000000   0.0000000  )
         2        Se     tau(   2) = (   0.3535534   0.3535534   0.3535534  )

     number of k points=   126

     Number of k-points >= 100: set verbosity='high' to print them.

     Dense  grid:    41391 G-vectors     FFT dimensions: (  50,  50,  50)

     Smooth grid:    14649 G-vectors     FFT dimensions: (  36,  36,  36)

     Estimated max dynamical RAM per process >     137.98 MB

     Check: negative core charge=   -0.000002

     The potential is recalculated from file :
     /tmp/brahm_qe_jobs/c90751dd-928f-4ca2-a090-71857622670f/out/_ph0/ZnSe_phonon.save/charge-density

     Starting wfcs are   18 atomic wfcs
     Checking if some PAW data can be deallocated... 

     Band Structure Calculation
     Davidson diagonalization with overlap

     ethr =  3.57E-11,  avg # of iterations = 12.3

     total cpu time spent up to now is    60595.5 secs

     End of band structure calculation

     Number of k-points >= 100: set verbosity='high' to print the bands.

     highest occupied level (ev):     6.4360

     Writing config to output data dir /tmp/brahm_qe_jobs/c90751dd-928f-4ca2-a090-71857622670f/out/_ph0/ZnSe_phonon.save/ :
     XML data file

     Phonon calculation                                                         

     bravais-lattice index     =            0
     lattice parameter (alat)  =       7.5750  a.u.
     unit-cell volume          =     307.3458 (a.u.)^3
     number of atoms/cell      =            2
     number of atomic types    =            2
     kinetic-energy cut-off    =      50.0000  Ry
     charge density cut-off    =     400.0000  Ry
     convergence threshold     =      1.0E-14
     beta                      =       0.7000
     number of iterations used =            4
     Exchange-correlation= PBE
                           (   1   4   3   4   0   0   0)


     celldm(1)=    7.57497  celldm(2)=    0.00000  celldm(3)=    0.00000
     celldm(4)=    0.00000  celldm(5)=    0.00000  celldm(6)=    0.00000

     crystal axes: (cart. coord. in units of alat)
               a(1) = (  0.0000  0.7071  0.7071 )  
               a(2) = (  0.7071  0.0000  0.7071 )  
               a(3) = (  0.7071  0.7071  0.0000 )  

     reciprocal axes: (cart. coord. in units 2 pi/alat)
               b(1) = ( -0.7071  0.7071  0.7071 )  
               b(2) = (  0.7071 -0.7071  0.7071 )  
               b(3) = (  0.7071  0.7071 -0.7071 )  


     Atoms inside the unit cell: 

     Cartesian axes

     site n.  atom      mass           positions (alat units)
        1  Zn     65.3800   tau(    1) = (    0.00000    0.00000    0.00000  )
        2  Se     78.9710   tau(    2) = (    0.35355    0.35355    0.35355  )

     Computing dynamical matrix for 
                    q = (  -0.7071068   0.0000000   0.0000000 )

      9 Sym.Ops. (with q -> -q+G )


     G cutoff =  581.3823  (  41391 G-vectors)     FFT grid: ( 50, 50, 50)
     G cutoff =  290.6911  (  14649 G-vectors)  smooth grid: ( 36, 36, 36)
     number of k points=   126

     PseudoPot. # 1 for Zn read from file:
     /mnt/d/brahm/agents/vishwakarma/pseudo/Zn.pbe-dn-kjpaw_psl.1.0.0.UPF
     MD5 check sum: 877bad15deadaf993162987df7215f60
     Pseudo is Projector augmented-wave + core cor, Zval = 12.0
     Generated using "atomic" code by A. Dal Corso  v.5.1.2
     Shape of augmentation charge: PSQ
     Using radial grid of 1201 points,  6 beta functions with: 
                l(1) =   0
                l(2) =   0
                l(3) =   1
                l(4) =   1
                l(5) =   2
                l(6) =   2
     Q(r) pseudized with 0 coefficients 


     PseudoPot. # 2 for Se read from file:
     /mnt/d/brahm/agents/vishwakarma/pseudo/Se.pbe-dn-kjpaw_psl.1.0.0.UPF
     MD5 check sum: 4f650775decad95a929a350dfb100c08
     Pseudo is Projector augmented-wave + core cor, Zval = 16.0
     Generated using "atomic" code by A. Dal Corso  v.5.1.2
     Shape of augmentation charge: PSQ
     Using radial grid of 1211 points,  6 beta functions with: 
                l(1) =   0
                l(2) =   0
                l(3) =   1
                l(4) =   1
                l(5) =   2
                l(6) =   2
     Q(r) pseudized with 0 coefficients 


     Mode symmetry, D_2d (-42m) point group:


     Atomic displacements:
     There are    4 irreducible representations

     Representation     1      1 modes -  To be done

     Representation     2      1 modes -  To be done

     Representation     3      2 modes -  To be done

     Representation     4      2 modes -  To be done



     Alpha used in Ewald sum =   2.8000
     PHONON       :   8d11h33m CPU   2d 7h 8m WALL



     Representation #   1 mode #   1

     Self-consistent Calculation

      iter #   1 total cpu time :198643.2 secs   av.it.:   9.7
      thresh= 1.000E-02 alpha_mix =  0.700 |ddv_scf|^2 =  1.799E-04

      iter #   2 total cpu time :198793.3 secs   av.it.:  12.7
      thresh= 1.341E-03 alpha_mix =  0.700 |ddv_scf|^2 =  2.566E-04

      iter #   3 total cpu time :198935.6 secs   av.it.:  11.7
      thresh= 1.602E-03 alpha_mix =  0.700 |ddv_scf|^2 =  1.379E-06

      iter #   4 total cpu time :199083.6 secs   av.it.:  12.8
      thresh= 1.174E-04 alpha_mix =  0.700 |ddv_scf|^2 =  4.461E-07

      iter #   5 total cpu time :199229.0 secs   av.it.:  12.7
      thresh= 6.679E-05 alpha_mix =  0.700 |ddv_scf|^2 =  1.658E-08

      iter #   6 total cpu time :199372.9 secs   av.it.:  12.4
      thresh= 1.288E-05 alpha_mix =  0.700 |ddv_scf|^2 =  1.127E-10

      iter #   7 total cpu time :199513.0 secs   av.it.:  12.4
      thresh= 1.062E-06 alpha_mix =  0.700 |ddv_scf|^2 =  7.144E-12

      iter #   8 total cpu time :199662.8 secs   av.it.:  12.5
      thresh= 2.673E-07 alpha_mix =  0.700 |ddv_scf|^2 =  1.206E-13

      iter #   9 total cpu time :199814.0 secs   av.it.:  12.5
      thresh= 3.473E-08 alpha_mix =  0.700 |ddv_scf|^2 =  2.901E-15

     End of self-consistent calculation

     Convergence has been achieved 


     Representation #   2 mode #   2

     Self-consistent Calculation

      iter #   1 total cpu time :199930.5 secs   av.it.:   7.7
      thresh= 1.000E-02 alpha_mix =  0.700 |ddv_scf|^2 =  4.235E-05

      iter #   2 total cpu time :200077.5 secs   av.it.:  12.0
      thresh= 6.508E-04 alpha_mix =  0.700 |ddv_scf|^2 =  1.683E-05

      iter #   3 total cpu time :200219.0 secs   av.it.:  12.3
      thresh= 4.103E-04 alpha_mix =  0.700 |ddv_scf|^2 =  8.397E-07

      iter #   4 total cpu time :200361.7 secs   av.it.:  12.4
      thresh= 9.163E-05 alpha_mix =  0.700 |ddv_scf|^2 =  1.391E-08

      iter #   5 total cpu time :200502.1 secs   av.it.:  12.7
      thresh= 1.179E-05 alpha_mix =  0.700 |ddv_scf|^2 =  2.581E-10

      iter #   6 total cpu time :200639.1 secs   av.it.:  12.6
      thresh= 1.607E-06 alpha_mix =  0.700 |ddv_scf|^2 =  1.413E-11

      iter #   7 total cpu time :200795.7 secs   av.it.:  12.8
      thresh= 3.759E-07 alpha_mix =  0.700 |ddv_scf|^2 =  3.399E-13

      iter #   8 total cpu time :200944.9 secs   av.it.:  13.1
      thresh= 5.830E-08 alpha_mix =  0.700 |ddv_scf|^2 =  2.467E-14

      iter #   9 total cpu time :201091.1 secs   av.it.:  12.2
      thresh= 1.571E-08 alpha_mix =  0.700 |ddv_scf|^2 =  1.297E-16

     End of self-consistent calculation

     Convergence has been achieved 


     Representation #   3 modes #   3   4

     Self-consistent Calculation

      iter #   1 total cpu time :201396.8 secs   av.it.:   9.8
      thresh= 1.000E-02 alpha_mix =  0.700 |ddv_scf|^2 =  1.211E-05

      iter #   2 total cpu time :201780.0 secs   av.it.:  14.4
      thresh= 3.480E-04 alpha_mix =  0.700 |ddv_scf|^2 =  3.035E-06

      iter #   3 total cpu time :202118.8 secs   av.it.:  13.7
      thresh= 1.742E-04 alpha_mix =  0.700 |ddv_scf|^2 =  9.689E-09

      iter #   4 total cpu time :202471.0 secs   av.it.:  14.0
      thresh= 9.843E-06 alpha_mix =  0.700 |ddv_scf|^2 =  3.426E-10

      iter #   5 total cpu time :202847.4 secs   av.it.:  14.1
      thresh= 1.851E-06 alpha_mix =  0.700 |ddv_scf|^2 =  4.206E-12

      iter #   6 total cpu time :203171.5 secs   av.it.:  13.9
      thresh= 2.051E-07 alpha_mix =  0.700 |ddv_scf|^2 =  4.301E-14

      iter #   7 total cpu time :203533.0 secs   av.it.:  13.6
      thresh= 2.074E-08 alpha_mix =  0.700 |ddv_scf|^2 =  1.128E-15

     End of self-consistent calculation

     Convergence has been achieved 


     Representation #   4 modes #   5   6

     Self-consistent Calculation

      iter #   1 total cpu time :203746.6 secs   av.it.:   7.9
      thresh= 1.000E-02 alpha_mix =  0.700 |ddv_scf|^2 =  4.518E-06

      iter #   2 total cpu time :204035.8 secs   av.it.:  13.6
      thresh= 2.125E-04 alpha_mix =  0.700 |ddv_scf|^2 =  7.376E-07

      iter #   3 total cpu time :204334.3 secs   av.it.:  13.6
      thresh= 8.589E-05 alpha_mix =  0.700 |ddv_scf|^2 =  9.609E-09

      iter #   4 total cpu time :204627.4 secs   av.it.:  13.6
      thresh= 9.803E-06 alpha_mix =  0.700 |ddv_scf|^2 =  3.420E-10

      iter #   5 total cpu time :204906.5 secs   av.it.:  12.9
      thresh= 1.849E-06 alpha_mix =  0.700 |ddv_scf|^2 =  3.509E-12

      iter #   6 total cpu time :205189.3 secs   av.it.:  13.4
      thresh= 1.873E-07 alpha_mix =  0.700 |ddv_scf|^2 =  1.598E-14

      iter #   7 total cpu time :205472.0 secs   av.it.:  12.7
      thresh= 1.264E-08 alpha_mix =  0.700 |ddv_scf|^2 =  5.489E-16

     End of self-consistent calculation

     Convergence has been achieved 

     Number of q in the star =    3
     List of q in the star:
          1  -0.707106781   0.000000000   0.000000000
          2   0.000000000  -0.707106781   0.000000000
          3   0.000000000   0.000000000  -0.707106781

     Diagonalizing the dynamical matrix

     q = (   -0.707106781   0.000000000   0.000000000 ) 

 **************************************************************************
     freq (    1) =       1.981614 [THz] =      66.099535 [cm-1]
     freq (    2) =       1.981614 [THz] =      66.099535 [cm-1]
     freq (    3) =       5.768741 [THz] =     192.424479 [cm-1]
     freq (    4) =       5.955550 [THz] =     198.655749 [cm-1]
     freq (    5) =       6.384950 [THz] =     212.979004 [cm-1]
     freq (    6) =       6.384950 [THz] =     212.979004 [cm-1]
 **************************************************************************

     Mode symmetry, D_2d (-42m) point group:

     freq (   1-   2) =         66.1  [cm-1]   --> E    X_5  W_3      
     freq (   3-   3) =        192.4  [cm-1]   --> A_1  X_1  W_1      
     freq (   4-   4) =        198.7  [cm-1]   --> B_2  X_3  W_2      
     freq (   5-   6) =        213.0  [cm-1]   --> E    X_5  W_3      

     Calculation of q =   -0.7071068   0.3535534   0.0000000

     G-vector sticks info
     --------------------
     sticks:   dense  smooth     PW     G-vecs:    dense   smooth      PW
     Sum        1573     793    283                41391    14649    3119

     Using Slab Decomposition


     Title: 
     Phonon calculation                                                         


     bravais-lattice index     =            0
     lattice parameter (alat)  =       7.5750  a.u.
     unit-cell volume          =     307.3458 (a.u.)^3
     number of atoms/cell      =            2
     number of atomic types    =            2
     number of electrons       =        28.00
     number of Kohn-Sham states=           14
     kinetic-energy cutoff     =      50.0000  Ry
     charge density cutoff     =     400.0000  Ry
     Exchange-correlation= PBE
                           (   1   4   3   4   0   0   0)

     celldm(1)=   7.574967  celldm(2)=   0.000000  celldm(3)=   0.000000
     celldm(4)=   0.000000  celldm(5)=   0.000000  celldm(6)=   0.000000

     crystal axes: (cart. coord. in units of alat)
               a(1) = (   0.000000   0.707107   0.707107 )  
               a(2) = (   0.707107   0.000000   0.707107 )  
               a(3) = (   0.707107   0.707107   0.000000 )  

     reciprocal axes: (cart. coord. in units 2 pi/alat)
               b(1) = ( -0.707107  0.707107  0.707107 )  
               b(2) = (  0.707107 -0.707107  0.707107 )  
               b(3) = (  0.707107  0.707107 -0.707107 )  


     PseudoPot. # 1 for Zn read from file:
     /mnt/d/brahm/agents/vishwakarma/pseudo/Zn.pbe-dn-kjpaw_psl.1.0.0.UPF
     MD5 check sum: 877bad15deadaf993162987df7215f60
     Pseudo is Projector augmented-wave + core cor, Zval = 12.0
     Generated using "atomic" code by A. Dal Corso  v.5.1.2
     Shape of augmentation charge: PSQ
     Using radial grid of 1201 points,  6 beta functions with: 
                l(1) =   0
                l(2) =   0
                l(3) =   1
                l(4) =   1
                l(5) =   2
                l(6) =   2
     Q(r) pseudized with 0 coefficients 


     PseudoPot. # 2 for Se read from file:
     /mnt/d/brahm/agents/vishwakarma/pseudo/Se.pbe-dn-kjpaw_psl.1.0.0.UPF
     MD5 check sum: 4f650775decad95a929a350dfb100c08
     Pseudo is Projector augmented-wave + core cor, Zval = 16.0
     Generated using "atomic" code by A. Dal Corso  v.5.1.2
     Shape of augmentation charge: PSQ
     Using radial grid of 1211 points,  6 beta functions with: 
                l(1) =   0
                l(2) =   0
                l(3) =   1
                l(4) =   1
                l(5) =   2
                l(6) =   2
     Q(r) pseudized with 0 coefficients 


     atomic species   valence    mass     pseudopotential
     Zn               12.00    65.38000     Zn( 1.00)
     Se               16.00    78.97100     Se( 1.00)

     24 Sym. Ops. (no inversion) found



   Cartesian axes

     site n.     atom                  positions (alat units)
         1        Zn     tau(   1) = (   0.0000000   0.0000000   0.0000000  )
         2        Se     tau(   2) = (   0.3535534   0.3535534   0.3535534  )

     number of k points=   432

     Number of k-points >= 100: set verbosity='high' to print them.

     Dense  grid:    41391 G-vectors     FFT dimensions: (  50,  50,  50)

     Smooth grid:    14649 G-vectors     FFT dimensions: (  36,  36,  36)

     Estimated max dynamical RAM per process >     137.99 MB

     Check: negative core charge=   -0.000002

     The potential is recalculated from file :
     /tmp/brahm_qe_jobs/c90751dd-928f-4ca2-a090-71857622670f/out/_ph0/ZnSe_phonon.save/charge-density

     Starting wfcs are   18 atomic wfcs
     Checking if some PAW data can be deallocated... 

     Band Structure Calculation
     Davidson diagonalization with overlap

     ethr =  3.57E-11,  avg # of iterations = 12.2

     total cpu time spent up to now is    61301.6 secs

     End of band structure calculation

     Number of k-points >= 100: set verbosity='high' to print the bands.

     highest occupied level (ev):     6.4360

     Writing config to output data dir /tmp/brahm_qe_jobs/c90751dd-928f-4ca2-a090-71857622670f/out/_ph0/ZnSe_phonon.save/ :
     XML data file

     Phonon calculation                                                         

     bravais-lattice index     =            0
     lattice parameter (alat)  =       7.5750  a.u.
     unit-cell volume          =     307.3458 (a.u.)^3
     number of atoms/cell      =            2
     number of atomic types    =            2
     kinetic-energy cut-off    =      50.0000  Ry
     charge density cut-off    =     400.0000  Ry
     convergence threshold     =      1.0E-14
     beta                      =       0.7000
     number of iterations used =            4
     Exchange-correlation= PBE
                           (   1   4   3   4   0   0   0)


     celldm(1)=    7.57497  celldm(2)=    0.00000  celldm(3)=    0.00000
     celldm(4)=    0.00000  celldm(5)=    0.00000  celldm(6)=    0.00000

     crystal axes: (cart. coord. in units of alat)
               a(1) = (  0.0000  0.7071  0.7071 )  
               a(2) = (  0.7071  0.0000  0.7071 )  
               a(3) = (  0.7071  0.7071  0.0000 )  

     reciprocal axes: (cart. coord. in units 2 pi/alat)
               b(1) = ( -0.7071  0.7071  0.7071 )  
               b(2) = (  0.7071 -0.7071  0.7071 )  
               b(3) = (  0.7071  0.7071 -0.7071 )  


     Atoms inside the unit cell: 

     Cartesian axes

     site n.  atom      mass           positions (alat units)
        1  Zn     65.3800   tau(    1) = (    0.00000    0.00000    0.00000  )
        2  Se     78.9710   tau(    2) = (    0.35355    0.35355    0.35355  )

     Computing dynamical matrix for 
                    q = (  -0.7071068   0.3535534   0.0000000 )

      4 Sym.Ops. (no q -> -q+G )


     G cutoff =  581.3823  (  41391 G-vectors)     FFT grid: ( 50, 50, 50)
     G cutoff =  290.6911  (  14649 G-vectors)  smooth grid: ( 36, 36, 36)
     number of k points=   432

     PseudoPot. # 1 for Zn read from file:
     /mnt/d/brahm/agents/vishwakarma/pseudo/Zn.pbe-dn-kjpaw_psl.1.0.0.UPF
     MD5 check sum: 877bad15deadaf993162987df7215f60
     Pseudo is Projector augmented-wave + core cor, Zval = 12.0
     Generated using "atomic" code by A. Dal Corso  v.5.1.2
     Shape of augmentation charge: PSQ
     Using radial grid of 1201 points,  6 beta functions with: 
                l(1) =   0
                l(2) =   0
                l(3) =   1
                l(4) =   1
                l(5) =   2
                l(6) =   2
     Q(r) pseudized with 0 coefficients 


     PseudoPot. # 2 for Se read from file:
     /mnt/d/brahm/agents/vishwakarma/pseudo/Se.pbe-dn-kjpaw_psl.1.0.0.UPF
     MD5 check sum: 4f650775decad95a929a350dfb100c08
     Pseudo is Projector augmented-wave + core cor, Zval = 16.0
     Generated using "atomic" code by A. Dal Corso  v.5.1.2
     Shape of augmentation charge: PSQ
     Using radial grid of 1211 points,  6 beta functions with: 
                l(1) =   0
                l(2) =   0
                l(3) =   1
                l(4) =   1
                l(5) =   2
                l(6) =   2
     Q(r) pseudized with 0 coefficients 


     Mode symmetry, S_4 (-4)    point group:


     Atomic displacements:
     There are    6 irreducible representations

     Representation     1      1 modes -  To be done

     Representation     2      1 modes -  To be done

     Representation     3      1 modes -  To be done

     Representation     4      1 modes -  To be done

     Representation     5      1 modes -  To be done

     Representation     6      1 modes -  To be done



     Alpha used in Ewald sum =   2.8000
     PHONON       :   8d19h50m CPU   2d 9h17m WALL



     Representation #   1 mode #   1

     Self-consistent Calculation

      iter #   1 total cpu time :206632.8 secs   av.it.:   9.9
      thresh= 1.000E-02 alpha_mix =  0.700 |ddv_scf|^2 =  9.853E-05

      iter #   2 total cpu time :207132.6 secs   av.it.:  13.0
      thresh= 9.926E-04 alpha_mix =  0.700 |ddv_scf|^2 =  9.201E-05

      iter #   3 total cpu time :207602.0 secs   av.it.:  12.3
      thresh= 9.592E-04 alpha_mix =  0.700 |ddv_scf|^2 =  1.332E-06

      iter #   4 total cpu time :208109.9 secs   av.it.:  13.1
      thresh= 1.154E-04 alpha_mix =  0.700 |ddv_scf|^2 =  3.160E-07

      iter #   5 total cpu time :208598.7 secs   av.it.:  13.0
      thresh= 5.621E-05 alpha_mix =  0.700 |ddv_scf|^2 =  1.290E-08

      iter #   6 total cpu time :209076.0 secs   av.it.:  13.0
      thresh= 1.136E-05 alpha_mix =  0.700 |ddv_scf|^2 =  1.013E-10

      iter #   7 total cpu time :209539.3 secs   av.it.:  12.9
      thresh= 1.007E-06 alpha_mix =  0.700 |ddv_scf|^2 =  3.952E-12

      iter #   8 total cpu time :210006.3 secs   av.it.:  12.7
      thresh= 1.988E-07 alpha_mix =  0.700 |ddv_scf|^2 =  2.656E-14

      iter #   9 total cpu time :210465.8 secs   av.it.:  12.9
      thresh= 1.630E-08 alpha_mix =  0.700 |ddv_scf|^2 =  9.609E-15

     End of self-consistent calculation

     Convergence has been achieved 


     Representation #   2 mode #   2

     Self-consistent Calculation

      iter #   1 total cpu time :210861.8 secs   av.it.:  10.0
      thresh= 1.000E-02 alpha_mix =  0.700 |ddv_scf|^2 =  9.048E-05

      iter #   2 total cpu time :211358.4 secs   av.it.:  13.4
      thresh= 9.512E-04 alpha_mix =  0.700 |ddv_scf|^2 =  5.265E-05

      iter #   3 total cpu time :211826.8 secs   av.it.:  12.2
      thresh= 7.256E-04 alpha_mix =  0.700 |ddv_scf|^2 =  8.692E-08

      iter #   4 total cpu time :212310.1 secs   av.it.:  13.0
      thresh= 2.948E-05 alpha_mix =  0.700 |ddv_scf|^2 =  1.637E-09

      iter #   5 total cpu time :212792.9 secs   av.it.:  13.4
      thresh= 4.045E-06 alpha_mix =  0.700 |ddv_scf|^2 =  4.362E-11

      iter #   6 total cpu time :213264.6 secs   av.it.:  12.9
      thresh= 6.605E-07 alpha_mix =  0.700 |ddv_scf|^2 =  7.101E-13

      iter #   7 total cpu time :213736.8 secs   av.it.:  12.9
      thresh= 8.427E-08 alpha_mix =  0.700 |ddv_scf|^2 =  1.746E-14

      iter #   8 total cpu time :214216.5 secs   av.it.:  12.9
      thresh= 1.321E-08 alpha_mix =  0.700 |ddv_scf|^2 =  1.370E-15

     End of self-consistent calculation

     Convergence has been achieved 


     Representation #   3 mode #   3

     Self-consistent Calculation

      iter #   1 total cpu time :214600.8 secs   av.it.:   8.1
      thresh= 1.000E-02 alpha_mix =  0.700 |ddv_scf|^2 =  2.589E-05

      iter #   2 total cpu time :215117.9 secs   av.it.:  12.9
      thresh= 5.088E-04 alpha_mix =  0.700 |ddv_scf|^2 =  1.107E-05

      iter #   3 total cpu time :215614.7 secs   av.it.:  12.3
      thresh= 3.327E-04 alpha_mix =  0.700 |ddv_scf|^2 =  5.202E-08

      iter #   4 total cpu time :216106.0 secs   av.it.:  12.9
      thresh= 2.281E-05 alpha_mix =  0.700 |ddv_scf|^2 =  2.162E-09

      iter #   5 total cpu time :216581.7 secs   av.it.:  12.5
      thresh= 4.650E-06 alpha_mix =  0.700 |ddv_scf|^2 =  2.518E-11

      iter #   6 total cpu time :217045.4 secs   av.it.:  12.7
      thresh= 5.018E-07 alpha_mix =  0.700 |ddv_scf|^2 =  1.041E-13

      iter #   7 total cpu time :217501.0 secs   av.it.:  11.9
      thresh= 3.226E-08 alpha_mix =  0.700 |ddv_scf|^2 =  1.244E-14

      iter #   8 total cpu time :217955.6 secs   av.it.:  11.9
      thresh= 1.115E-08 alpha_mix =  0.700 |ddv_scf|^2 =  5.180E-17

     End of self-consistent calculation

     Convergence has been achieved 


     Representation #   4 mode #   4

     Self-consistent Calculation

      iter #   1 total cpu time :218347.4 secs   av.it.:   9.9
      thresh= 1.000E-02 alpha_mix =  0.700 |ddv_scf|^2 =  6.164E-05

      iter #   2 total cpu time :218842.8 secs   av.it.:  13.4
      thresh= 7.851E-04 alpha_mix =  0.700 |ddv_scf|^2 =  2.623E-05

      iter #   3 total cpu time :219313.7 secs   av.it.:  12.4
      thresh= 5.121E-04 alpha_mix =  0.700 |ddv_scf|^2 =  6.248E-08

      iter #   4 total cpu time :219798.9 secs   av.it.:  13.1
      thresh= 2.500E-05 alpha_mix =  0.700 |ddv_scf|^2 =  3.210E-09

      iter #   5 total cpu time :220288.8 secs   av.it.:  13.4
      thresh= 5.666E-06 alpha_mix =  0.700 |ddv_scf|^2 =  2.916E-11

      iter #   6 total cpu time :220763.7 secs   av.it.:  13.1
      thresh= 5.400E-07 alpha_mix =  0.700 |ddv_scf|^2 =  8.308E-13

      iter #   7 total cpu time :221220.6 secs   av.it.:  12.6
      thresh= 9.115E-08 alpha_mix =  0.700 |ddv_scf|^2 =  3.473E-14

      iter #   8 total cpu time :221677.3 secs   av.it.:  12.7
      thresh= 1.864E-08 alpha_mix =  0.700 |ddv_scf|^2 =  1.695E-15

     End of self-consistent calculation

     Convergence has been achieved 


     Representation #   5 mode #   5

     Self-consistent Calculation

      iter #   1 total cpu time :222043.9 secs   av.it.:   8.3
      thresh= 1.000E-02 alpha_mix =  0.700 |ddv_scf|^2 =  3.371E-05

      iter #   2 total cpu time :222525.1 secs   av.it.:  13.0
      thresh= 5.806E-04 alpha_mix =  0.700 |ddv_scf|^2 =  1.169E-05

      iter #   3 total cpu time :223001.1 secs   av.it.:  12.6
      thresh= 3.419E-04 alpha_mix =  0.700 |ddv_scf|^2 =  3.814E-08

      iter #   4 total cpu time :223481.8 secs   av.it.:  13.0
      thresh= 1.953E-05 alpha_mix =  0.700 |ddv_scf|^2 =  2.337E-09

      iter #   5 total cpu time :223957.7 secs   av.it.:  12.8
      thresh= 4.834E-06 alpha_mix =  0.700 |ddv_scf|^2 =  4.225E-11

      iter #   6 total cpu time :224407.8 secs   av.it.:  12.0
      thresh= 6.500E-07 alpha_mix =  0.700 |ddv_scf|^2 =  6.074E-13

      iter #   7 total cpu time :224879.6 secs   av.it.:  13.0
      thresh= 7.794E-08 alpha_mix =  0.700 |ddv_scf|^2 =  3.810E-14

      iter #   8 total cpu time :225333.0 secs   av.it.:  12.3
      thresh= 1.952E-08 alpha_mix =  0.700 |ddv_scf|^2 =  7.084E-16

     End of self-consistent calculation

     Convergence has been achieved 


     Representation #   6 mode #   6

     Self-consistent Calculation

      iter #   1 total cpu time :225677.9 secs   av.it.:   7.5
      thresh= 1.000E-02 alpha_mix =  0.700 |ddv_scf|^2 =  2.762E-05

      iter #   2 total cpu time :226163.0 secs   av.it.:  12.5
      thresh= 5.256E-04 alpha_mix =  0.700 |ddv_scf|^2 =  1.173E-05

      iter #   3 total cpu time :226643.7 secs   av.it.:  12.7
      thresh= 3.424E-04 alpha_mix =  0.700 |ddv_scf|^2 =  8.373E-07

      iter #   4 total cpu time :227120.9 secs   av.it.:  12.5
      thresh= 9.150E-05 alpha_mix =  0.700 |ddv_scf|^2 =  1.054E-08

      iter #   5 total cpu time :227604.6 secs   av.it.:  13.0
      thresh= 1.027E-05 alpha_mix =  0.700 |ddv_scf|^2 =  2.866E-10

      iter #   6 total cpu time :228076.5 secs   av.it.:  12.9
      thresh= 1.693E-06 alpha_mix =  0.700 |ddv_scf|^2 =  1.316E-11

      iter #   7 total cpu time :228560.0 secs   av.it.:  13.1
      thresh= 3.627E-07 alpha_mix =  0.700 |ddv_scf|^2 =  9.565E-14

      iter #   8 total cpu time :229047.7 secs   av.it.:  13.1
      thresh= 3.093E-08 alpha_mix =  0.700 |ddv_scf|^2 =  1.011E-14

      iter #   9 total cpu time :229514.1 secs   av.it.:  12.3
      thresh= 1.005E-08 alpha_mix =  0.700 |ddv_scf|^2 =  3.330E-17

     End of self-consistent calculation

     Convergence has been achieved 

     Number of q in the star =    6
     List of q in the star:
          1  -0.707106781   0.353553391   0.000000000
          2   0.707106781  -0.000000000   0.353553391
          3   0.707106781   0.000000000  -0.353553391
          4   0.707106781  -0.353553391   0.000000000
          5  -0.353553391   0.707106781   0.000000000
          6   0.353553391   0.707106781  -0.000000000

     Diagonalizing the dynamical matrix

     q = (   -0.707106781   0.353553391   0.000000000 ) 

 **************************************************************************
     freq (    1) =       2.344868 [THz] =      78.216386 [cm-1]
     freq (    2) =       2.678329 [THz] =      89.339447 [cm-1]
     freq (    3) =       5.354368 [THz] =     178.602495 [cm-1]
     freq (    4) =       5.381043 [THz] =     179.492270 [cm-1]
     freq (    5) =       6.412898 [THz] =     213.911247 [cm-1]
     freq (    6) =       6.721516 [THz] =     224.205633 [cm-1]
 **************************************************************************

     Mode symmetry, S_4 (-4)    point group:

     freq (   1-   1) =         78.2  [cm-1]   --> B    W_3           
     freq (   2-   2) =         89.3  [cm-1]   --> E    W_4           
     freq (   3-   3) =        178.6  [cm-1]   --> A    W_1           
     freq (   4-   4) =        179.5  [cm-1]   --> E*   W_2           
     freq (   5-   5) =        213.9  [cm-1]   --> E    W_4           
     freq (   6-   6) =        224.2  [cm-1]   --> B    W_3           

     init_run     :      6.40s CPU      2.60s WALL (       4 calls)
     electrons    :  15532.85s CPU   3916.37s WALL (       4 calls)

     Called by init_run:
     wfcinit      :      0.03s CPU      0.01s WALL (       4 calls)
     potinit      :      3.45s CPU      1.06s WALL (       4 calls)
     hinit0       :      0.40s CPU      0.24s WALL (       4 calls)

     Called by electrons:
     c_bands      :  15532.84s CPU   3916.37s WALL (       4 calls)
     v_of_rho     :      1.24s CPU      0.73s WALL (       6 calls)
     newd         :     10.94s CPU      8.23s WALL (       6 calls)
     PAW_pot      :      5.57s CPU      3.18s WALL (       6 calls)

     Called by c_bands:
     init_us_2    :    151.81s CPU     60.92s WALL (  118026 calls)
     cegterg      :  14343.72s CPU   3614.78s WALL (    2430 calls)

     Called by *egterg:
     cdiaghg      :     99.87s CPU     33.00s WALL (   32144 calls)
     h_psi        : 603899.24s CPU 152105.10s WALL ( 1650731 calls)
     s_psi        :  67612.54s CPU  17368.32s WALL ( 3360398 calls)
     g_psi        :      2.72s CPU      2.34s WALL (   29714 calls)

     Called by h_psi:
     h_psi:calbec :  23495.91s CPU   4504.62s WALL ( 1650731 calls)
     vloc_psi     : 516126.15s CPU 132520.05s WALL ( 1650731 calls)
                                        0.00s GPU  ( 1650731 calls)
     add_vuspsi   :  26039.96s CPU   5943.32s WALL ( 1650731 calls)

     General routines
     calbec       :  30198.00s CPU   6433.85s WALL ( 3516944 calls)
     fft          :    147.19s CPU     58.29s WALL (    5131 calls)
     ffts         :    363.13s CPU     88.85s WALL (    9633 calls)
     fftw         : 539304.18s CPU 154212.56s WALL (40399096 calls)
     interpolate  :     37.20s CPU     14.18s WALL (     633 calls)
     davcio       :     94.56s CPU     59.01s WALL (  497183 calls)

     Parallel routines

     PHONON       :   9d21h29m CPU   2d15h45m WALL

     INITIALIZATION: 
     phq_setup    :     11.38s CPU      8.08s WALL (       5 calls)
     phq_init     :  29102.09s CPU  21172.41s WALL (       5 calls)

     phq_init     :  29102.09s CPU  21172.41s WALL (       5 calls)
     set_drhoc    :      0.10s CPU      0.12s WALL (      13 calls)
     init_vloc    :      0.11s CPU      0.17s WALL (       6 calls)
     init_us_1    :      0.72s CPU      1.65s WALL (       6 calls)
     init_us_2    :    151.81s CPU     60.92s WALL (  118026 calls)
     newd         :     10.94s CPU      8.23s WALL (       6 calls)
     dvanqq       :    219.85s CPU     56.35s WALL (       4 calls)
     drho         :  28866.69s CPU  21106.24s WALL (       5 calls)
     drhous       :  28834.32s CPU  21093.68s WALL (       5 calls)
     nldyntot     :      0.94s CPU      0.59s WALL (       5 calls)

     DYNAMICAL MATRIX:
     dynmat0      :      8.63s CPU      3.58s WALL (       4 calls)
     dynmat_us    :      7.16s CPU      3.21s WALL (       4 calls)
     addusdynmat  :      0.00s CPU      0.00s WALL (       4 calls)
     d2ionq       :      0.23s CPU      0.06s WALL (       4 calls)
     dynmatcc     :      1.24s CPU      0.31s WALL (       4 calls)
     phqscf       : 810268.41s CPU 204365.88s WALL (       5 calls)
     dynmatrix    :      0.14s CPU      0.30s WALL (       5 calls)

     phqscf       : 810268.41s CPU 204365.88s WALL (       5 calls)
     solve_linter : 810229.13s CPU 204348.55s WALL (      28 calls)
     dfpt_kernel  : 806725.06s CPU 203463.30s WALL (      28 calls)
     sth_kernel   : 805591.39s CPU 203076.42s WALL (     283 calls)
     h_prec       :     23.47s CPU      8.60s WALL (   92628 calls)
     apply_dpot_b :  13188.86s CPU   3399.80s WALL (   84708 calls)
     ortho        :   6603.82s CPU   1556.47s WALL (   93510 calls)
     cgsolve      : 750302.03s CPU 189094.68s WALL (   93510 calls)
     incdrhoscf   :  34992.79s CPU   8874.15s WALL (   93510 calls)
                                        0.00s GPU  (   93510 calls)
     addusddens   :    251.02s CPU     64.21s WALL (     311 calls)
     dv_of_drho   :     88.69s CPU     22.75s WALL (     297 calls)
     mix_pot      :     12.28s CPU      3.94s WALL (     283 calls)
     drhodv       :     39.17s CPU     17.27s WALL (      28 calls)
     psymdvscf    :     12.24s CPU      3.31s WALL (     283 calls)
     newdq        :     59.48s CPU     49.69s WALL (     283 calls)
     adddvscf     :    203.74s CPU     37.56s WALL (   84708 calls)
     com_dvloc    :    342.62s CPU     79.38s WALL (    9000 calls)
                                        0.00s GPU  (    9000 calls)
     addcore      :      1.64s CPU      0.45s WALL (     240 calls)
                                        0.00s GPU  (     240 calls)
     drhodvus     :      0.04s CPU      0.46s WALL (      28 calls)

     dvqpsi_us    :   3485.32s CPU    875.50s WALL (    8802 calls)
                                        0.00s GPU  (    8802 calls)
     dvqpsi_us_on :    280.36s CPU     61.90s WALL (    8802 calls)

     add_vuspsi   :  26039.96s CPU   5943.32s WALL ( 1650731 calls)
     addusdbec    :   1415.00s CPU    281.29s WALL (  102312 calls)

     drhodvus     :      0.04s CPU      0.46s WALL (      28 calls)

      General routines
     calbec       :  30198.00s CPU   6433.85s WALL ( 3516944 calls)
     fft          :    147.19s CPU     58.29s WALL (    5131 calls)
     ffts         :    363.13s CPU     88.85s WALL (    9633 calls)
     fftw         : 539304.18s CPU 154212.56s WALL (40399096 calls)
     davcio       :     94.56s CPU     59.01s WALL (  497183 calls)
     write_rec    :      0.32s CPU      0.65s WALL (     311 calls)

      Additional routines
     ch_psi       : 749896.55s CPU 188723.47s WALL ( 1616157 calls)
     last         :  86547.80s CPU  21686.34s WALL ( 1616157 calls)
     Hesh         :    114.34s CPU     77.03s WALL ( 1616157 calls)
     ch_psi_all_k :  86399.76s CPU  21603.50s WALL ( 1616157 calls)
                                        0.00s GPU  ( 1616157 calls)
     ch_psi_calbe :   4681.74s CPU   1454.82s WALL ( 1616157 calls)
                                        0.00s GPU  ( 1616157 calls)
     h_psi_bgrp   : 603921.34s CPU 152107.41s WALL ( 1650731 calls)
     h_psi        : 603899.24s CPU 152105.10s WALL ( 1650731 calls)
     h_psi:pot    : 565783.09s CPU 142975.46s WALL ( 1650731 calls)
     h_psi:calbec :  23495.91s CPU   4504.62s WALL ( 1650731 calls)
     s_psi_bgrp   : 142721.50s CPU  35229.67s WALL ( 3360398 calls)
     s_psi        :  67612.54s CPU  17368.32s WALL ( 3360398 calls)


     PHONON       :   9d21h29m CPU   2d15h45m WALL


   This run was terminated on:  18:45:54   3Aug2026            

=------------------------------------------------------------------------------=
   JOB DONE.
=------------------------------------------------------------------------------=
