
     Program PHONON v.7.5 starts on  3Aug2026 at 19:31:35 

     This program is part of the open-source Quantum ESPRESSO suite
     for quantum simulation of materials; please cite
         "P. Giannozzi et al., J. Phys.:Condens. Matter 21 395502 (2009);
         "P. Giannozzi et al., J. Phys.:Condens. Matter 29 465901 (2017);
         "P. Giannozzi et al., J. Chem. Phys. 152 154105 (2020);
          URL http://www.quantum-espresso.org", 
     in publications or presentations arising from this work. More details at
     http://www.quantum-espresso.org/quote

     Parallel version (MPI & OpenMP), running on       4 processor cores
     Number of MPI processes:                 1
     Threads/MPI process:                     4

     MPI processes distributed on     1 nodes
     2778 MiB available memory on the printing compute node when the environment starts

     Reading input from q4_fix.in

     Reading xml data from directory:

     /tmp/brahm_qe_jobs/c90751dd-928f-4ca2-a090-71857622670f/out/ZnSe_phonon.save/

     Subspace diagonalization in iterative solution of the eigenvalue problem:
     a serial algorithm will be used

     file Zn.pbe-dn-kjpaw_psl.1.0.0.UPF: wavefunction(s)  4S 3D renormalized
     file Se.pbe-dn-kjpaw_psl.1.0.0.UPF: wavefunction(s)  4S 4P 3D renormalized

     IMPORTANT: XC functional enforced from input :
     Exchange-correlation= PBE
                           (   1   4   3   4   0   0   0)
     Any further DFT definition will be discarded
     Please, verify this is what you really want


     G-vector sticks info
     --------------------
     sticks:   dense  smooth     PW     G-vecs:    dense   smooth      PW
     Sum        1573     793    253                41391    14649    2637

     Using Slab Decomposition


     Check: negative core charge=   -0.000002
     Reading collected, re-writing distributed wavefunctions in /tmp/brahm_qe_jobs/c90751dd-928f-4ca2-a090-71857622670f/out/

     Number and degeneracy of irreps per q-point
       N         xq(1)         xq(2)         xq(3)   N irreps
       1   1.000000000   0.353553000   0.000000000       6
     No degeneracy

     Calculation of q =    1.0000000   0.3535530   0.0000000

     G-vector sticks info
     --------------------
     sticks:   dense  smooth     PW     G-vecs:    dense   smooth      PW
     Sum        1573     793    301                41391    14649    3479

     Using Slab Decomposition


     Title: 
     Phonon calculation                                                         


     bravais-lattice index     =            0
     lattice parameter (alat)  =       7.5750  a.u.
     unit-cell volume          =     307.3458 (a.u.)^3
     number of atoms/cell      =            2
     number of atomic types    =            2
     number of electrons       =        28.00
     number of Kohn-Sham states=           14
     kinetic-energy cutoff     =      50.0000  Ry
     charge density cutoff     =     400.0000  Ry
     Exchange-correlation= PBE
                           (   1   4   3   4   0   0   0)

     celldm(1)=   7.574967  celldm(2)=   0.000000  celldm(3)=   0.000000
     celldm(4)=   0.000000  celldm(5)=   0.000000  celldm(6)=   0.000000

     crystal axes: (cart. coord. in units of alat)
               a(1) = (   0.000000   0.707107   0.707107 )  
               a(2) = (   0.707107   0.000000   0.707107 )  
               a(3) = (   0.707107   0.707107   0.000000 )  

     reciprocal axes: (cart. coord. in units 2 pi/alat)
               b(1) = ( -0.707107  0.707107  0.707107 )  
               b(2) = (  0.707107 -0.707107  0.707107 )  
               b(3) = (  0.707107  0.707107 -0.707107 )  


     PseudoPot. # 1 for Zn read from file:
     /mnt/d/brahm/agents/vishwakarma/pseudo/Zn.pbe-dn-kjpaw_psl.1.0.0.UPF
     MD5 check sum: 877bad15deadaf993162987df7215f60
     Pseudo is Projector augmented-wave + core cor, Zval = 12.0
     Generated using "atomic" code by A. Dal Corso  v.5.1.2
     Shape of augmentation charge: PSQ
     Using radial grid of 1201 points,  6 beta functions with: 
                l(1) =   0
                l(2) =   0
                l(3) =   1
                l(4) =   1
                l(5) =   2
                l(6) =   2
     Q(r) pseudized with 0 coefficients 


     PseudoPot. # 2 for Se read from file:
     /mnt/d/brahm/agents/vishwakarma/pseudo/Se.pbe-dn-kjpaw_psl.1.0.0.UPF
     MD5 check sum: 4f650775decad95a929a350dfb100c08
     Pseudo is Projector augmented-wave + core cor, Zval = 16.0
     Generated using "atomic" code by A. Dal Corso  v.5.1.2
     Shape of augmentation charge: PSQ
     Using radial grid of 1211 points,  6 beta functions with: 
                l(1) =   0
                l(2) =   0
                l(3) =   1
                l(4) =   1
                l(5) =   2
                l(6) =   2
     Q(r) pseudized with 0 coefficients 


     atomic species   valence    mass     pseudopotential
     Zn               12.00    65.38000     Zn( 1.00)
     Se               16.00    78.97100     Se( 1.00)

     24 Sym. Ops. (no inversion) found



   Cartesian axes

     site n.     atom                  positions (alat units)
         1        Zn     tau(   1) = (   0.0000000   0.0000000   0.0000000  )
         2        Se     tau(   2) = (   0.3535534   0.3535534   0.3535534  )

     number of k points=  1728

     Number of k-points >= 100: set verbosity='high' to print them.

     Dense  grid:    41391 G-vectors     FFT dimensions: (  50,  50,  50)

     Smooth grid:    14649 G-vectors     FFT dimensions: (  36,  36,  36)

     Estimated max dynamical RAM per process >     138.02 MB

     Check: negative core charge=   -0.000002

     The potential is recalculated from file :
     /tmp/brahm_qe_jobs/c90751dd-928f-4ca2-a090-71857622670f/out/_ph0/ZnSe_phonon.save/charge-density

     Starting wfcs are   18 atomic wfcs
     Checking if some PAW data can be deallocated... 

     Band Structure Calculation
     Davidson diagonalization with overlap

     ethr =  3.57E-11,  avg # of iterations = 12.2

     total cpu time spent up to now is     3609.4 secs

     End of band structure calculation

     Number of k-points >= 100: set verbosity='high' to print the bands.

     highest occupied level (ev):     6.4360

     Writing config to output data dir /tmp/brahm_qe_jobs/c90751dd-928f-4ca2-a090-71857622670f/out/_ph0/ZnSe_phonon.save/ :
     XML data file

     Phonon calculation                                                         

     bravais-lattice index     =            0
     lattice parameter (alat)  =       7.5750  a.u.
     unit-cell volume          =     307.3458 (a.u.)^3
     number of atoms/cell      =            2
     number of atomic types    =            2
     kinetic-energy cut-off    =      50.0000  Ry
     charge density cut-off    =     400.0000  Ry
     convergence threshold     =      1.0E-14
     beta                      =       0.7000
     number of iterations used =            4
     Exchange-correlation= PBE
                           (   1   4   3   4   0   0   0)


     celldm(1)=    7.57497  celldm(2)=    0.00000  celldm(3)=    0.00000
     celldm(4)=    0.00000  celldm(5)=    0.00000  celldm(6)=    0.00000

     crystal axes: (cart. coord. in units of alat)
               a(1) = (  0.0000  0.7071  0.7071 )  
               a(2) = (  0.7071  0.0000  0.7071 )  
               a(3) = (  0.7071  0.7071  0.0000 )  

     reciprocal axes: (cart. coord. in units 2 pi/alat)
               b(1) = ( -0.7071  0.7071  0.7071 )  
               b(2) = (  0.7071 -0.7071  0.7071 )  
               b(3) = (  0.7071  0.7071 -0.7071 )  


     Atoms inside the unit cell: 

     Cartesian axes

     site n.  atom      mass           positions (alat units)
        1  Zn     65.3800   tau(    1) = (    0.00000    0.00000    0.00000  )
        2  Se     78.9710   tau(    2) = (    0.35355    0.35355    0.35355  )

     Computing dynamical matrix for 
                    q = (   1.0000000   0.3535530   0.0000000 )

     No symmetry!

     G cutoff =  581.3823  (  41391 G-vectors)     FFT grid: ( 50, 50, 50)
     G cutoff =  290.6911  (  14649 G-vectors)  smooth grid: ( 36, 36, 36)
     number of k points=  1728

     PseudoPot. # 1 for Zn read from file:
     /mnt/d/brahm/agents/vishwakarma/pseudo/Zn.pbe-dn-kjpaw_psl.1.0.0.UPF
     MD5 check sum: 877bad15deadaf993162987df7215f60
     Pseudo is Projector augmented-wave + core cor, Zval = 12.0
     Generated using "atomic" code by A. Dal Corso  v.5.1.2
     Shape of augmentation charge: PSQ
     Using radial grid of 1201 points,  6 beta functions with: 
                l(1) =   0
                l(2) =   0
                l(3) =   1
                l(4) =   1
                l(5) =   2
                l(6) =   2
     Q(r) pseudized with 0 coefficients 


     PseudoPot. # 2 for Se read from file:
     /mnt/d/brahm/agents/vishwakarma/pseudo/Se.pbe-dn-kjpaw_psl.1.0.0.UPF
     MD5 check sum: 4f650775decad95a929a350dfb100c08
     Pseudo is Projector augmented-wave + core cor, Zval = 16.0
     Generated using "atomic" code by A. Dal Corso  v.5.1.2
     Shape of augmentation charge: PSQ
     Using radial grid of 1211 points,  6 beta functions with: 
                l(1) =   0
                l(2) =   0
                l(3) =   1
                l(4) =   1
                l(5) =   2
                l(6) =   2
     Q(r) pseudized with 0 coefficients 


     Mode symmetry, C_1 (1)     point group:


     Atomic displacements:
     There are    6 irreducible representations

     Representation     1      1 modes -  To be done

     Representation     2      1 modes -  To be done

     Representation     3      1 modes -  To be done

     Representation     4      1 modes -  To be done

     Representation     5      1 modes -  To be done

     Representation     6      1 modes -  To be done


     Message from routine init_vloc:
     Interpolation table for Vloc re-allocated

     Alpha used in Ewald sum =   2.8000
     PHONON       :      3h56m CPU      1h 4m WALL



     Representation #   1 mode #   1

     Self-consistent Calculation

      iter #   1 total cpu time :  5620.5 secs   av.it.:   8.1
      thresh= 1.000E-02 alpha_mix =  0.700 |ddv_scf|^2 =  1.900E-05

      iter #   2 total cpu time :  8067.3 secs   av.it.:  13.0
      thresh= 4.358E-04 alpha_mix =  0.700 |ddv_scf|^2 =  1.185E-05

      iter #   3 total cpu time : 10451.3 secs   av.it.:  12.6
      thresh= 3.442E-04 alpha_mix =  0.700 |ddv_scf|^2 =  2.058E-06

      iter #   4 total cpu time : 12829.2 secs   av.it.:  12.2
      thresh= 1.435E-04 alpha_mix =  0.700 |ddv_scf|^2 =  6.805E-08

      iter #   5 total cpu time : 14965.4 secs   av.it.:  13.1
      thresh= 2.609E-05 alpha_mix =  0.700 |ddv_scf|^2 =  8.291E-09

      iter #   6 total cpu time : 16986.6 secs   av.it.:  13.3
      thresh= 9.106E-06 alpha_mix =  0.700 |ddv_scf|^2 =  1.220E-09

      iter #   7 total cpu time : 19002.3 secs   av.it.:  13.2
      thresh= 3.493E-06 alpha_mix =  0.700 |ddv_scf|^2 =  2.047E-10

      iter #   8 total cpu time : 20980.6 secs   av.it.:  13.1
      thresh= 1.431E-06 alpha_mix =  0.700 |ddv_scf|^2 =  9.580E-12

      iter #   9 total cpu time : 22976.5 secs   av.it.:  13.1
      thresh= 3.095E-07 alpha_mix =  0.700 |ddv_scf|^2 =  3.586E-12

      iter #  10 total cpu time : 24901.9 secs   av.it.:  12.6
      thresh= 1.894E-07 alpha_mix =  0.700 |ddv_scf|^2 =  5.303E-13

      iter #  11 total cpu time : 26861.7 secs   av.it.:  13.0
      thresh= 7.282E-08 alpha_mix =  0.700 |ddv_scf|^2 =  1.105E-13

      iter #  12 total cpu time : 29075.4 secs   av.it.:  13.1
      thresh= 3.324E-08 alpha_mix =  0.700 |ddv_scf|^2 =  1.617E-14

      iter #  13 total cpu time : 31130.8 secs   av.it.:  13.2
      thresh= 1.272E-08 alpha_mix =  0.700 |ddv_scf|^2 =  3.091E-15

     End of self-consistent calculation

     Convergence has been achieved 


     Representation #   2 mode #   2

     Self-consistent Calculation

      iter #   1 total cpu time : 32782.1 secs   av.it.:  10.0
      thresh= 1.000E-02 alpha_mix =  0.700 |ddv_scf|^2 =  2.238E-04

      iter #   2 total cpu time : 35089.7 secs   av.it.:  13.1
      thresh= 1.496E-03 alpha_mix =  0.700 |ddv_scf|^2 =  5.030E-04

      iter #   3 total cpu time : 37221.8 secs   av.it.:  11.5
      thresh= 2.243E-03 alpha_mix =  0.700 |ddv_scf|^2 =  2.058E-06

      iter #   4 total cpu time : 39509.1 secs   av.it.:  13.3
      thresh= 1.435E-04 alpha_mix =  0.700 |ddv_scf|^2 =  2.579E-07

      iter #   5 total cpu time : 41512.0 secs   av.it.:  13.4
      thresh= 5.079E-05 alpha_mix =  0.700 |ddv_scf|^2 =  4.230E-08

      iter #   6 total cpu time : 43498.8 secs   av.it.:  13.1
      thresh= 2.057E-05 alpha_mix =  0.700 |ddv_scf|^2 =  4.929E-09

      iter #   7 total cpu time : 46120.2 secs   av.it.:  13.0
      thresh= 7.020E-06 alpha_mix =  0.700 |ddv_scf|^2 =  3.036E-10

      iter #   8 total cpu time : 48637.1 secs   av.it.:  13.9
      thresh= 1.742E-06 alpha_mix =  0.700 |ddv_scf|^2 =  7.539E-11

      iter #   9 total cpu time : 50866.5 secs   av.it.:  13.0
      thresh= 8.683E-07 alpha_mix =  0.700 |ddv_scf|^2 =  9.009E-12

      iter #  10 total cpu time : 52812.0 secs   av.it.:  13.1
      thresh= 3.002E-07 alpha_mix =  0.700 |ddv_scf|^2 =  1.422E-12

      iter #  11 total cpu time : 54818.1 secs   av.it.:  13.6
      thresh= 1.193E-07 alpha_mix =  0.700 |ddv_scf|^2 =  7.593E-13

      iter #  12 total cpu time : 56765.0 secs   av.it.:  13.1
      thresh= 8.714E-08 alpha_mix =  0.700 |ddv_scf|^2 =  5.838E-14

      iter #  13 total cpu time : 58710.0 secs   av.it.:  13.1
      thresh= 2.416E-08 alpha_mix =  0.700 |ddv_scf|^2 =  1.151E-14

      iter #  14 total cpu time : 60643.8 secs   av.it.:  13.0
      thresh= 1.073E-08 alpha_mix =  0.700 |ddv_scf|^2 =  9.578E-16

     End of self-consistent calculation

     Convergence has been achieved 


     Representation #   3 mode #   3

     Self-consistent Calculation

      iter #   1 total cpu time : 62084.3 secs   av.it.:   8.1
      thresh= 1.000E-02 alpha_mix =  0.700 |ddv_scf|^2 =  2.209E-05

      iter #   2 total cpu time : 64076.1 secs   av.it.:  13.0
      thresh= 4.700E-04 alpha_mix =  0.700 |ddv_scf|^2 =  1.583E-05

      iter #   3 total cpu time : 65977.5 secs   av.it.:  12.6
      thresh= 3.979E-04 alpha_mix =  0.700 |ddv_scf|^2 =  2.048E-06

      iter #   4 total cpu time : 67841.8 secs   av.it.:  12.0
      thresh= 1.431E-04 alpha_mix =  0.700 |ddv_scf|^2 =  1.158E-07

      iter #   5 total cpu time : 69765.7 secs   av.it.:  13.0
      thresh= 3.403E-05 alpha_mix =  0.700 |ddv_scf|^2 =  7.994E-09

      iter #   6 total cpu time : 71752.6 secs   av.it.:  13.2
      thresh= 8.941E-06 alpha_mix =  0.700 |ddv_scf|^2 =  1.361E-09

      iter #   7 total cpu time : 73703.1 secs   av.it.:  13.1
      thresh= 3.690E-06 alpha_mix =  0.700 |ddv_scf|^2 =  1.955E-10

      iter #   8 total cpu time : 75649.2 secs   av.it.:  13.0
      thresh= 1.398E-06 alpha_mix =  0.700 |ddv_scf|^2 =  1.049E-11

      iter #   9 total cpu time : 77648.0 secs   av.it.:  13.0
      thresh= 3.239E-07 alpha_mix =  0.700 |ddv_scf|^2 =  1.496E-12

      iter #  10 total cpu time : 79597.8 secs   av.it.:  12.9
      thresh= 1.223E-07 alpha_mix =  0.700 |ddv_scf|^2 =  1.654E-13

      iter #  11 total cpu time : 81557.1 secs   av.it.:  13.0
      thresh= 4.067E-08 alpha_mix =  0.700 |ddv_scf|^2 =  3.682E-14

      iter #  12 total cpu time : 83488.4 secs   av.it.:  13.0
      thresh= 1.919E-08 alpha_mix =  0.700 |ddv_scf|^2 =  4.871E-15

     End of self-consistent calculation

     Convergence has been achieved 


     Representation #   4 mode #   4

     Self-consistent Calculation

      iter #   1 total cpu time : 85070.6 secs   av.it.:  10.0
      thresh= 1.000E-02 alpha_mix =  0.700 |ddv_scf|^2 =  6.009E-05

      iter #   2 total cpu time : 87071.4 secs   av.it.:  13.3
      thresh= 7.751E-04 alpha_mix =  0.700 |ddv_scf|^2 =  5.986E-05

      iter #   3 total cpu time : 88953.9 secs   av.it.:  12.1
      thresh= 7.737E-04 alpha_mix =  0.700 |ddv_scf|^2 =  4.831E-06

      iter #   4 total cpu time : 90852.3 secs   av.it.:  12.7
      thresh= 2.198E-04 alpha_mix =  0.700 |ddv_scf|^2 =  8.067E-08

      iter #   5 total cpu time : 92844.4 secs   av.it.:  13.8
      thresh= 2.840E-05 alpha_mix =  0.700 |ddv_scf|^2 =  1.548E-08

      iter #   6 total cpu time : 94809.5 secs   av.it.:  13.1
      thresh= 1.244E-05 alpha_mix =  0.700 |ddv_scf|^2 =  6.926E-10

      iter #   7 total cpu time : 96794.3 secs   av.it.:  13.5
      thresh= 2.632E-06 alpha_mix =  0.700 |ddv_scf|^2 =  1.606E-10

      iter #   8 total cpu time : 98760.0 secs   av.it.:  13.1
      thresh= 1.267E-06 alpha_mix =  0.700 |ddv_scf|^2 =  1.393E-11

      iter #   9 total cpu time :100714.8 secs   av.it.:  13.2
      thresh= 3.733E-07 alpha_mix =  0.700 |ddv_scf|^2 =  1.584E-12

      iter #  10 total cpu time :102674.1 secs   av.it.:  13.1
      thresh= 1.259E-07 alpha_mix =  0.700 |ddv_scf|^2 =  1.984E-13

      iter #  11 total cpu time :104619.7 secs   av.it.:  13.0
      thresh= 4.454E-08 alpha_mix =  0.700 |ddv_scf|^2 =  1.195E-13

      iter #  12 total cpu time :106537.5 secs   av.it.:  12.9
      thresh= 3.457E-08 alpha_mix =  0.700 |ddv_scf|^2 =  7.667E-15

     End of self-consistent calculation

     Convergence has been achieved 


     Representation #   5 mode #   5

     Self-consistent Calculation

      iter #   1 total cpu time :108134.1 secs   av.it.:  10.0
      thresh= 1.000E-02 alpha_mix =  0.700 |ddv_scf|^2 =  9.339E-05

      iter #   2 total cpu time :110177.9 secs   av.it.:  13.5
      thresh= 9.664E-04 alpha_mix =  0.700 |ddv_scf|^2 =  1.098E-04

      iter #   3 total cpu time :112049.9 secs   av.it.:  12.1
      thresh= 1.048E-03 alpha_mix =  0.700 |ddv_scf|^2 =  4.665E-06

      iter #   4 total cpu time :113958.4 secs   av.it.:  12.4
      thresh= 2.160E-04 alpha_mix =  0.700 |ddv_scf|^2 =  1.909E-07

      iter #   5 total cpu time :115933.5 secs   av.it.:  13.2
      thresh= 4.369E-05 alpha_mix =  0.700 |ddv_scf|^2 =  3.555E-08

      iter #   6 total cpu time :117925.7 secs   av.it.:  13.4
      thresh= 1.886E-05 alpha_mix =  0.700 |ddv_scf|^2 =  3.956E-09

      iter #   7 total cpu time :119879.2 secs   av.it.:  13.1
      thresh= 6.290E-06 alpha_mix =  0.700 |ddv_scf|^2 =  2.534E-10

      iter #   8 total cpu time :121862.6 secs   av.it.:  13.3
      thresh= 1.592E-06 alpha_mix =  0.700 |ddv_scf|^2 =  2.469E-11

      iter #   9 total cpu time :123846.1 secs   av.it.:  13.1
      thresh= 4.968E-07 alpha_mix =  0.700 |ddv_scf|^2 =  3.559E-12

      iter #  10 total cpu time :125792.2 secs   av.it.:  13.0
      thresh= 1.887E-07 alpha_mix =  0.700 |ddv_scf|^2 =  2.716E-13

      iter #  11 total cpu time :127870.9 secs   av.it.:  13.3
      thresh= 5.211E-08 alpha_mix =  0.700 |ddv_scf|^2 =  1.441E-13

      iter #  12 total cpu time :129879.7 secs   av.it.:  12.9
      thresh= 3.797E-08 alpha_mix =  0.700 |ddv_scf|^2 =  6.244E-14

      iter #  13 total cpu time :131877.2 secs   av.it.:  13.0
      thresh= 2.499E-08 alpha_mix =  0.700 |ddv_scf|^2 =  5.135E-15

     End of self-consistent calculation

     Convergence has been achieved 


     Representation #   6 mode #   6

     Self-consistent Calculation

      iter #   1 total cpu time :133365.9 secs   av.it.:   8.4
      thresh= 1.000E-02 alpha_mix =  0.700 |ddv_scf|^2 =  9.532E-05

      iter #   2 total cpu time :135321.1 secs   av.it.:  12.9
      thresh= 9.763E-04 alpha_mix =  0.700 |ddv_scf|^2 =  1.696E-04

      iter #   3 total cpu time :137130.8 secs   av.it.:  11.6
      thresh= 1.302E-03 alpha_mix =  0.700 |ddv_scf|^2 =  1.631E-06

      iter #   4 total cpu time :139069.3 secs   av.it.:  13.0
      thresh= 1.277E-04 alpha_mix =  0.700 |ddv_scf|^2 =  1.052E-07

      iter #   5 total cpu time :141090.5 secs   av.it.:  13.6
      thresh= 3.243E-05 alpha_mix =  0.700 |ddv_scf|^2 =  2.455E-08

      iter #   6 total cpu time :143093.7 secs   av.it.:  13.4
      thresh= 1.567E-05 alpha_mix =  0.700 |ddv_scf|^2 =  1.510E-09

      iter #   7 total cpu time :145013.2 secs   av.it.:  13.0
      thresh= 3.886E-06 alpha_mix =  0.700 |ddv_scf|^2 =  1.107E-10

      iter #   8 total cpu time :147053.8 secs   av.it.:  13.9
      thresh= 1.052E-06 alpha_mix =  0.700 |ddv_scf|^2 =  4.991E-11

      iter #   9 total cpu time :149058.9 secs   av.it.:  13.1
      thresh= 7.064E-07 alpha_mix =  0.700 |ddv_scf|^2 =  8.709E-12

      iter #  10 total cpu time :150991.8 secs   av.it.:  12.6
      thresh= 2.951E-07 alpha_mix =  0.700 |ddv_scf|^2 =  2.178E-13

      iter #  11 total cpu time :152981.2 secs   av.it.:  13.1
      thresh= 4.667E-08 alpha_mix =  0.700 |ddv_scf|^2 =  6.531E-14

      iter #  12 total cpu time :154978.2 secs   av.it.:  13.4
      thresh= 2.556E-08 alpha_mix =  0.700 |ddv_scf|^2 =  2.395E-14

      iter #  13 total cpu time :156935.1 secs   av.it.:  13.0
      thresh= 1.548E-08 alpha_mix =  0.700 |ddv_scf|^2 =  2.368E-15

     End of self-consistent calculation

     Convergence has been achieved 

     Number of q in the star =   24
     List of q in the star:
          1   1.000000000   0.353553000   0.000000000
          2  -1.000000000  -0.353553000   0.000000000
          3  -1.000000000   0.353553000  -0.000000000
          4   1.000000000  -0.353553000   0.000000000
          5   0.353553000   0.000000000   1.000000000
          6  -0.353553000  -0.000000000  -1.000000000
          7   0.353553000  -0.000000000  -1.000000000
          8  -0.353553000   0.000000000   1.000000000
          9   0.000000000   1.000000000   0.353553000
         10  -0.000000000  -1.000000000  -0.353553000
         11  -0.000000000  -1.000000000   0.353553000
         12   0.000000000   1.000000000  -0.353553000
         13  -0.353553000  -1.000000000   0.000000000
         14   0.353553000   1.000000000   0.000000000
         15  -0.353553000   1.000000000   0.000000000
         16   0.353553000  -1.000000000  -0.000000000
         17  -0.000000000   0.353553000  -1.000000000
         18   0.000000000   0.353553000   1.000000000
         19   0.000000000  -0.353553000   1.000000000
         20  -0.000000000  -0.353553000  -1.000000000
         21   1.000000000   0.000000000  -0.353553000
         22   1.000000000   0.000000000   0.353553000
         23  -1.000000000  -0.000000000   0.353553000
         24  -1.000000000  -0.000000000  -0.353553000

     Diagonalizing the dynamical matrix

     q = (    1.000000000   0.353553000   0.000000000 ) 

 **************************************************************************
     freq (    1) =       1.867930 [THz] =      62.307453 [cm-1]
     freq (    2) =       2.608515 [THz] =      87.010694 [cm-1]
     freq (    3) =       4.450482 [THz] =     148.452100 [cm-1]
     freq (    4) =       6.093680 [THz] =     203.263284 [cm-1]
     freq (    5) =       6.247307 [THz] =     208.387744 [cm-1]
     freq (    6) =       6.781592 [THz] =     226.209554 [cm-1]
 **************************************************************************

     Mode symmetry, C_1 (1)     point group:

     freq (   1-   1) =         62.3  [cm-1]   --> A                  
     freq (   2-   2) =         87.0  [cm-1]   --> A                  
     freq (   3-   3) =        148.5  [cm-1]   --> A                  
     freq (   4-   4) =        203.3  [cm-1]   --> A                  
     freq (   5-   5) =        208.4  [cm-1]   --> A                  
     freq (   6-   6) =        226.2  [cm-1]   --> A                  

     init_run     :      2.40s CPU      1.36s WALL (       1 calls)
     electrons    :  13204.46s CPU   3608.08s WALL (       1 calls)

     Called by init_run:
     wfcinit      :      0.00s CPU      0.00s WALL (       1 calls)
     potinit      :      1.15s CPU      0.46s WALL (       1 calls)
     hinit0       :      0.46s CPU      0.45s WALL (       1 calls)

     Called by electrons:
     c_bands      :  13204.45s CPU   3608.07s WALL (       1 calls)
     v_of_rho     :      0.18s CPU      0.05s WALL (       2 calls)
     newd         :      0.96s CPU      0.43s WALL (       2 calls)
     PAW_pot      :      1.51s CPU      0.50s WALL (       2 calls)

     Called by c_bands:
     init_us_2    :    109.30s CPU     45.68s WALL (   82080 calls)
     cegterg      :  12220.37s CPU   3339.23s WALL (    1728 calls)

     Called by *egterg:
     cdiaghg      :    197.92s CPU     64.67s WALL (   22828 calls)
     h_psi        : 449410.41s CPU 114507.25s WALL ( 1177854 calls)
     s_psi        :  49453.63s CPU  12829.90s WALL ( 2397680 calls)
     g_psi        :      2.93s CPU      1.83s WALL (   21100 calls)

     Called by h_psi:
     h_psi:calbec :  16401.93s CPU   3267.88s WALL ( 1177854 calls)
     vloc_psi     : 385238.89s CPU  99854.20s WALL ( 1177854 calls)
                                        0.00s GPU  ( 1177854 calls)
     add_vuspsi   :  20469.87s CPU   4803.47s WALL ( 1177854 calls)

     General routines
     calbec       :  21624.56s CPU   4860.96s WALL ( 2502224 calls)
     fft          :     29.87s CPU      7.30s WALL (    1302 calls)
     ffts         :    206.14s CPU     46.04s WALL (    5388 calls)
     fftw         : 383298.34s CPU 101042.19s WALL (29035498 calls)
     interpolate  :      7.59s CPU      1.96s WALL (     162 calls)
     davcio       :    178.00s CPU    104.73s WALL (  350787 calls)

     Parallel routines

     PHONON       :   7d 2h46m CPU   1d19h35m WALL

     INITIALIZATION: 
     phq_setup    :      0.30s CPU      0.09s WALL (       1 calls)
     phq_init     :    954.83s CPU    245.97s WALL (       1 calls)

     phq_init     :    954.83s CPU    245.97s WALL (       1 calls)
     set_drhoc    :      0.05s CPU      0.04s WALL (       3 calls)
     init_vloc    :      0.07s CPU      0.05s WALL (       2 calls)
     init_us_1    :      0.62s CPU      0.62s WALL (       2 calls)
     init_us_2    :    109.30s CPU     45.68s WALL (   82080 calls)
     newd         :      0.96s CPU      0.43s WALL (       2 calls)
     dvanqq       :     53.53s CPU     13.46s WALL (       1 calls)
     drho         :    891.23s CPU    226.84s WALL (       1 calls)
     drhous       :    882.53s CPU    223.35s WALL (       1 calls)
     nldyntot     :      0.52s CPU      0.42s WALL (       1 calls)

     DYNAMICAL MATRIX:
     dynmat0      :      6.02s CPU      2.90s WALL (       1 calls)
     dynmat_us    :      5.58s CPU      2.78s WALL (       1 calls)
     addusdynmat  :      0.00s CPU      0.00s WALL (       1 calls)
     d2ionq       :      0.07s CPU      0.02s WALL (       1 calls)
     dynmatcc     :      0.35s CPU      0.09s WALL (       1 calls)
     phqscf       : 600619.09s CPU 153079.22s WALL (       1 calls)
     dynmatrix    :      0.01s CPU      0.07s WALL (       1 calls)

     phqscf       : 600619.09s CPU 153079.22s WALL (       1 calls)
     solve_linter : 600599.14s CPU 153069.46s WALL (       6 calls)
     dfpt_kernel  : 598486.56s CPU 152536.34s WALL (       6 calls)
     sth_kernel   : 598178.76s CPU 152429.49s WALL (      77 calls)
     h_prec       :     15.32s CPU      6.43s WALL (   66528 calls)
     apply_dpot_b :  10534.13s CPU   2739.91s WALL (   61344 calls)
     ortho        :   4893.63s CPU   1185.87s WALL (   66528 calls)
     cgsolve      : 555926.62s CPU 141587.78s WALL (   66528 calls)
     incdrhoscf   :  26389.39s CPU   6746.10s WALL (   66528 calls)
                                        0.00s GPU  (   66528 calls)
     addusddens   :     72.03s CPU     19.10s WALL (      83 calls)
     dv_of_drho   :     27.64s CPU      7.40s WALL (      77 calls)
     mix_pot      :      3.80s CPU      1.88s WALL (      77 calls)
     drhodv       :     19.87s CPU      9.60s WALL (       6 calls)
     newdq        :     15.57s CPU     13.02s WALL (      77 calls)
     adddvscf     :    106.04s CPU     29.07s WALL (   61344 calls)
     com_dvloc    :    205.30s CPU     46.02s WALL (    5226 calls)
                                        0.00s GPU  (    5226 calls)
     addcore      :      0.41s CPU      0.12s WALL (      48 calls)
                                        0.00s GPU  (      48 calls)
     drhodvus     :      0.01s CPU      0.17s WALL (       6 calls)

     dvqpsi_us    :   2088.93s CPU    522.84s WALL (    5184 calls)
                                        0.00s GPU  (    5184 calls)
     dvqpsi_us_on :    157.65s CPU     35.60s WALL (    5184 calls)

     add_vuspsi   :  20469.87s CPU   4803.47s WALL ( 1177854 calls)
     addusdbec    :    961.21s CPU    194.20s WALL (   71712 calls)

     drhodvus     :      0.01s CPU      0.17s WALL (       6 calls)

      General routines
     calbec       :  21624.56s CPU   4860.96s WALL ( 2502224 calls)
     fft          :     29.87s CPU      7.30s WALL (    1302 calls)
     ffts         :    206.14s CPU     46.04s WALL (    5388 calls)
     fftw         : 383298.34s CPU 101042.19s WALL (29035498 calls)
     davcio       :    178.00s CPU    104.73s WALL (  350787 calls)
     write_rec    :      0.12s CPU      0.22s WALL (      83 calls)

      Additional routines
     ch_psi       : 555627.42s CPU 141315.47s WALL ( 1153298 calls)
     last         :  64338.20s CPU  16338.89s WALL ( 1153298 calls)
     Hesh         :     91.49s CPU     60.88s WALL ( 1153298 calls)
     ch_psi_all_k :  64221.28s CPU  16273.42s WALL ( 1153298 calls)
                                        0.00s GPU  ( 1153298 calls)
     ch_psi_calbe :   3929.19s CPU   1226.49s WALL ( 1153298 calls)
                                        0.00s GPU  ( 1153298 calls)
     h_psi_bgrp   : 449433.77s CPU 114508.74s WALL ( 1177854 calls)
     h_psi        : 449410.41s CPU 114507.25s WALL ( 1177854 calls)
     h_psi:pot    : 422211.41s CPU 107930.79s WALL ( 1177854 calls)
     h_psi:calbec :  16401.93s CPU   3267.88s WALL ( 1177854 calls)
     s_psi_bgrp   : 103370.13s CPU  25807.58s WALL ( 2397680 calls)
     s_psi        :  49453.63s CPU  12829.90s WALL ( 2397680 calls)


     PHONON       :   7d 2h46m CPU   1d19h35m WALL


   This run was terminated on:  15: 7:12   5Aug2026            

=------------------------------------------------------------------------------=
   JOB DONE.
=------------------------------------------------------------------------------=
